Component: ARM Compiler 5.05 update 2 (build 169) Tool: armlink [4d0f33]

==============================================================================

Section Cross References

    startup_stm32f103xb.o(RESET) refers to startup_stm32f103xb.o(STACK) for __initial_sp
    startup_stm32f103xb.o(RESET) refers to startup_stm32f103xb.o(.text) for Reset_Handler
    startup_stm32f103xb.o(RESET) refers to stm32f1xx_it.o(i.NMI_Handler) for NMI_Handler
    startup_stm32f103xb.o(RESET) refers to stm32f1xx_it.o(i.HardFault_Handler) for HardFault_Handler
    startup_stm32f103xb.o(RESET) refers to stm32f1xx_it.o(i.MemManage_Handler) for MemManage_Handler
    startup_stm32f103xb.o(RESET) refers to stm32f1xx_it.o(i.BusFault_Handler) for BusFault_Handler
    startup_stm32f103xb.o(RESET) refers to stm32f1xx_it.o(i.UsageFault_Handler) for UsageFault_Handler
    startup_stm32f103xb.o(RESET) refers to stm32f1xx_it.o(i.SVC_Handler) for SVC_Handler
    startup_stm32f103xb.o(RESET) refers to stm32f1xx_it.o(i.DebugMon_Handler) for DebugMon_Handler
    startup_stm32f103xb.o(RESET) refers to stm32f1xx_it.o(i.PendSV_Handler) for PendSV_Handler
    startup_stm32f103xb.o(RESET) refers to stm32f1xx_it.o(i.SysTick_Handler) for SysTick_Handler
    startup_stm32f103xb.o(RESET) refers to stm32f1xx_it.o(i.TIM2_IRQHandler) for TIM2_IRQHandler
    startup_stm32f103xb.o(RESET) refers to stm32f1xx_it.o(i.USART1_IRQHandler) for USART1_IRQHandler
    startup_stm32f103xb.o(.text) refers to system_stm32f1xx.o(i.SystemInit) for SystemInit
    startup_stm32f103xb.o(.text) refers to entry.o(.ARM.Collect$$$$00000000) for __main
    ds3231.o(i.BCD2ASC_H) refers to ds3231.o(.data) for .data
    ds3231.o(i.BCD2ASC_L) refers to ds3231.o(.data) for .data
    ds3231.o(i.DS3231_Get) refers to ds3231.o(i.I2cByteRead) for I2cByteRead
    ds3231.o(i.DS3231_Get) refers to ds3231.o(.data) for .data
    ds3231.o(i.DS3231_Init) refers to myiic.o(i.IIC2_Init) for IIC2_Init
    ds3231.o(i.DS3231_Init) refers to ds3231.o(i.I2cByteWrite) for I2cByteWrite
    ds3231.o(i.DS3231_Init) refers to delay.o(i.delay_ms) for delay_ms
    ds3231.o(i.DS3231_Set) refers to ds3231.o(i.B_BCD) for B_BCD
    ds3231.o(i.DS3231_Set) refers to ds3231.o(i.I2cByteWrite) for I2cByteWrite
    ds3231.o(i.I2cByteRead) refers to myiic.o(i.IIC2_Start) for IIC2_Start
    ds3231.o(i.I2cByteRead) refers to myiic.o(i.IIC2_Send_Byte) for IIC2_Send_Byte
    ds3231.o(i.I2cByteRead) refers to myiic.o(i.IIC2_Wait_Ack) for IIC2_Wait_Ack
    ds3231.o(i.I2cByteRead) refers to delay.o(i.delay_us) for delay_us
    ds3231.o(i.I2cByteRead) refers to myiic.o(i.IIC2_Read_Byte) for IIC2_Read_Byte
    ds3231.o(i.I2cByteRead) refers to myiic.o(i.IIC2_Stop) for IIC2_Stop
    ds3231.o(i.I2cByteWrite) refers to myiic.o(i.IIC2_Start) for IIC2_Start
    ds3231.o(i.I2cByteWrite) refers to delay.o(i.delay_us) for delay_us
    ds3231.o(i.I2cByteWrite) refers to myiic.o(i.IIC2_Send_Byte) for IIC2_Send_Byte
    ds3231.o(i.I2cByteWrite) refers to myiic.o(i.IIC2_Wait_Ack) for IIC2_Wait_Ack
    ds3231.o(i.I2cByteWrite) refers to myiic.o(i.IIC2_Stop) for IIC2_Stop
    ds3231.o(i.get_show_time) refers to ds3231.o(i.I2cByteRead) for I2cByteRead
    ds3231.o(i.get_show_time) refers to ds3231.o(.data) for .data
    hpdl1414.o(i.HPDL1414_show) refers to hpdl1414.o(i.write_1414) for write_1414
    hpdl1414.o(i.HPDL1414_show) refers to stm32f1xx_hal_gpio.o(i.HAL_GPIO_WritePin) for HAL_GPIO_WritePin
    hpdl1414.o(i.HPDL1414_show) refers to delay.o(i.delay_ms) for delay_ms
    hpdl1414.o(i.write_1414) refers to stm32f1xx_hal_gpio.o(i.HAL_GPIO_WritePin) for HAL_GPIO_WritePin
    myiic.o(i.IIC2_Ack) refers to stm32f1xx_hal_gpio.o(i.HAL_GPIO_WritePin) for HAL_GPIO_WritePin
    myiic.o(i.IIC2_Ack) refers to delay.o(i.delay_us) for delay_us
    myiic.o(i.IIC2_Init) refers to stm32f1xx_hal_gpio.o(i.HAL_GPIO_WritePin) for HAL_GPIO_WritePin
    myiic.o(i.IIC2_NAck) refers to stm32f1xx_hal_gpio.o(i.HAL_GPIO_WritePin) for HAL_GPIO_WritePin
    myiic.o(i.IIC2_NAck) refers to delay.o(i.delay_us) for delay_us
    myiic.o(i.IIC2_Read_Byte) refers to stm32f1xx_hal_gpio.o(i.HAL_GPIO_WritePin) for HAL_GPIO_WritePin
    myiic.o(i.IIC2_Read_Byte) refers to delay.o(i.delay_us) for delay_us
    myiic.o(i.IIC2_Read_Byte) refers to stm32f1xx_hal_gpio.o(i.HAL_GPIO_ReadPin) for HAL_GPIO_ReadPin
    myiic.o(i.IIC2_Read_Byte) refers to myiic.o(i.IIC2_Ack) for IIC2_Ack
    myiic.o(i.IIC2_Read_Byte) refers to myiic.o(i.IIC2_NAck) for IIC2_NAck
    myiic.o(i.IIC2_Send_Byte) refers to stm32f1xx_hal_gpio.o(i.HAL_GPIO_WritePin) for HAL_GPIO_WritePin
    myiic.o(i.IIC2_Send_Byte) refers to delay.o(i.delay_us) for delay_us
    myiic.o(i.IIC2_Start) refers to stm32f1xx_hal_gpio.o(i.HAL_GPIO_WritePin) for HAL_GPIO_WritePin
    myiic.o(i.IIC2_Start) refers to delay.o(i.delay_us) for delay_us
    myiic.o(i.IIC2_Stop) refers to stm32f1xx_hal_gpio.o(i.HAL_GPIO_WritePin) for HAL_GPIO_WritePin
    myiic.o(i.IIC2_Stop) refers to delay.o(i.delay_us) for delay_us
[...]
    Removing stm32f1xx_hal_uart.o(i.HAL_MultiProcessor_ExitMuteMode), (46 bytes).
    Removing stm32f1xx_hal_uart.o(i.HAL_MultiProcessor_Init), (142 bytes).
    Removing stm32f1xx_hal_uart.o(i.HAL_UART_Abort), (138 bytes).
    Removing stm32f1xx_hal_uart.o(i.HAL_UART_AbortCpltCallback), (2 bytes).
    Removing stm32f1xx_hal_uart.o(i.HAL_UART_AbortReceive), (88 bytes).
    Removing stm32f1xx_hal_uart.o(i.HAL_UART_AbortReceiveCpltCallback), (2 bytes).
    Removing stm32f1xx_hal_uart.o(i.HAL_UART_AbortReceive_IT), (92 bytes).
    Removing stm32f1xx_hal_uart.o(i.HAL_UART_AbortTransmit), (78 bytes).
    Removing stm32f1xx_hal_uart.o(i.HAL_UART_AbortTransmitCpltCallback), (2 bytes).
    Removing stm32f1xx_hal_uart.o(i.HAL_UART_AbortTransmit_IT), (84 bytes).
    Removing stm32f1xx_hal_uart.o(i.HAL_UART_Abort_IT), (172 bytes).
    Removing stm32f1xx_hal_uart.o(i.HAL_UART_DMAPause), (102 bytes).
    Removing stm32f1xx_hal_uart.o(i.HAL_UART_DMAResume), (94 bytes).
    Removing stm32f1xx_hal_uart.o(i.HAL_UART_DMAStop), (88 bytes).
    Removing stm32f1xx_hal_uart.o(i.HAL_UART_DeInit), (50 bytes).
    Removing stm32f1xx_hal_uart.o(i.HAL_UART_GetError), (4 bytes).
    Removing stm32f1xx_hal_uart.o(i.HAL_UART_GetState), (10 bytes).
    Removing stm32f1xx_hal_uart.o(i.HAL_UART_MspDeInit), (2 bytes).
    Removing stm32f1xx_hal_uart.o(i.HAL_UART_MspInit), (2 bytes).
    Removing stm32f1xx_hal_uart.o(i.HAL_UART_Receive), (186 bytes).
    Removing stm32f1xx_hal_uart.o(i.HAL_UART_Receive_DMA), (152 bytes).
    Removing stm32f1xx_hal_uart.o(i.HAL_UART_RxCpltCallback), (2 bytes).
    Removing stm32f1xx_hal_uart.o(i.HAL_UART_RxHalfCpltCallback), (2 bytes).
    Removing stm32f1xx_hal_uart.o(i.HAL_UART_Transmit), (186 bytes).
    Removing stm32f1xx_hal_uart.o(i.HAL_UART_Transmit_DMA), (128 bytes).
    Removing stm32f1xx_hal_uart.o(i.HAL_UART_Transmit_IT), (62 bytes).
    Removing stm32f1xx_hal_uart.o(i.HAL_UART_TxHalfCpltCallback), (2 bytes).
    Removing stm32f1xx_hal_uart.o(i.UART_DMAError), (74 bytes).
    Removing stm32f1xx_hal_uart.o(i.UART_DMAReceiveCplt), (60 bytes).
    Removing stm32f1xx_hal_uart.o(i.UART_DMARxAbortCallback), (42 bytes).
    Removing stm32f1xx_hal_uart.o(i.UART_DMARxHalfCplt), (10 bytes).
    Removing stm32f1xx_hal_uart.o(i.UART_DMARxOnlyAbortCallback), (20 bytes).
    Removing stm32f1xx_hal_uart.o(i.UART_DMATransmitCplt), (46 bytes).
    Removing stm32f1xx_hal_uart.o(i.UART_DMATxAbortCallback), (42 bytes).
    Removing stm32f1xx_hal_uart.o(i.UART_DMATxHalfCplt), (10 bytes).
    Removing stm32f1xx_hal_uart.o(i.UART_DMATxOnlyAbortCallback), (20 bytes).
    Removing stm32f1xx_hal_uart.o(i.UART_EndTxTransfer), (18 bytes).
    Removing stm32f1xx_hal_uart.o(i.UART_WaitOnFlagUntilTimeout), (98 bytes).
    Removing stm32f1xx_hal.o(.rev16_text), (4 bytes).
    Removing stm32f1xx_hal.o(.revsh_text), (4 bytes).
    Removing stm32f1xx_hal.o(.rrx_text), (6 bytes).
    Removing stm32f1xx_hal.o(i.HAL_DBGMCU_DisableDBGSleepMode), (16 bytes).
    Removing stm32f1xx_hal.o(i.HAL_DBGMCU_DisableDBGStandbyMode), (16 bytes).
    Removing stm32f1xx_hal.o(i.HAL_DBGMCU_DisableDBGStopMode), (16 bytes).
    Removing stm32f1xx_hal.o(i.HAL_DBGMCU_EnableDBGSleepMode), (16 bytes).
    Removing stm32f1xx_hal.o(i.HAL_DBGMCU_EnableDBGStandbyMode), (16 bytes).
    Removing stm32f1xx_hal.o(i.HAL_DBGMCU_EnableDBGStopMode), (16 bytes).
    Removing stm32f1xx_hal.o(i.HAL_DeInit), (32 bytes).
    Removing stm32f1xx_hal.o(i.HAL_GetDEVID), (16 bytes).
    Removing stm32f1xx_hal.o(i.HAL_GetHalVersion), (8 bytes).
    Removing stm32f1xx_hal.o(i.HAL_GetREVID), (12 bytes).
    Removing stm32f1xx_hal.o(i.HAL_GetTickFreq), (12 bytes).
    Removing stm32f1xx_hal.o(i.HAL_GetTickPrio), (12 bytes).
    Removing stm32f1xx_hal.o(i.HAL_GetUIDw0), (12 bytes).
    Removing stm32f1xx_hal.o(i.HAL_GetUIDw1), (12 bytes).
    Removing stm32f1xx_hal.o(i.HAL_GetUIDw2), (12 bytes).
    Removing stm32f1xx_hal.o(i.HAL_MspDeInit), (2 bytes).
    Removing stm32f1xx_hal.o(i.HAL_MspInit), (2 bytes).
    Removing stm32f1xx_hal.o(i.HAL_SetTickFreq), (32 bytes).
    Removing stm32f1xx_hal_rcc.o(.rev16_text), (4 bytes).
    Removing stm32f1xx_hal_rcc.o(.revsh_text), (4 bytes).
    Removing stm32f1xx_hal_rcc.o(.rrx_text), (6 bytes).
    Removing stm32f1xx_hal_rcc.o(i.HAL_RCC_CSSCallback), (2 bytes).
    Removing stm32f1xx_hal_rcc.o(i.HAL_RCC_DeInit), (216 bytes).
    Removing stm32f1xx_hal_rcc.o(i.HAL_RCC_DisableCSS), (12 bytes).
    Removing stm32f1xx_hal_rcc.o(i.HAL_RCC_EnableCSS), (12 bytes).
    Removing stm32f1xx_hal_rcc.o(i.HAL_RCC_GetClockConfig), (64 bytes).
    Removing stm32f1xx_hal_rcc.o(i.HAL_RCC_GetHCLKFreq), (12 bytes).
    Removing stm32f1xx_hal_rcc.o(i.HAL_RCC_GetOscConfig), (144 bytes).
    Removing stm32f1xx_hal_rcc.o(i.HAL_RCC_MCOConfig), (72 bytes).
    Removing stm32f1xx_hal_rcc.o(i.HAL_RCC_NMI_IRQHandler), (24 bytes).
    Removing stm32f1xx_hal_rcc_ex.o(.rev16_text), (4 bytes).
    Removing stm32f1xx_hal_rcc_ex.o(.revsh_text), (4 bytes).
    Removing stm32f1xx_hal_rcc_ex.o(.rrx_text), (6 bytes).
    Removing stm32f1xx_hal_rcc_ex.o(i.HAL_RCCEx_GetPeriphCLKConfig), (44 bytes).
    Removing stm32f1xx_hal_rcc_ex.o(i.HAL_RCCEx_GetPeriphCLKFreq), (196 bytes).
    Removing stm32f1xx_hal_rcc_ex.o(i.HAL_RCCEx_PeriphCLKConfig), (232 bytes).
    Removing stm32f1xx_hal_gpio.o(.rev16_text), (4 bytes).
    Removing stm32f1xx_hal_gpio.o(.revsh_text), (4 bytes).
    Removing stm32f1xx_hal_gpio.o(.rrx_text), (6 bytes).
    Removing stm32f1xx_hal_gpio.o(i.HAL_GPIO_DeInit), (224 bytes).
    Removing stm32f1xx_hal_gpio.o(i.HAL_GPIO_EXTI_Callback), (2 bytes).
    Removing stm32f1xx_hal_gpio.o(i.HAL_GPIO_EXTI_IRQHandler), (24 bytes).
    Removing stm32f1xx_hal_gpio.o(i.HAL_GPIO_LockPin), (34 bytes).
    Removing stm32f1xx_hal_gpio.o(i.HAL_GPIO_TogglePin), (14 bytes).
    Removing stm32f1xx_hal_dma.o(.rev16_text), (4 bytes).
    Removing stm32f1xx_hal_dma.o(.revsh_text), (4 bytes).
    Removing stm32f1xx_hal_dma.o(.rrx_text), (6 bytes).
    Removing stm32f1xx_hal_dma.o(i.DMA_SetConfig), (42 bytes).
    Removing stm32f1xx_hal_dma.o(i.HAL_DMA_Abort), (70 bytes).
    Removing stm32f1xx_hal_dma.o(i.HAL_DMA_DeInit), (92 bytes).
    Removing stm32f1xx_hal_dma.o(i.HAL_DMA_GetError), (4 bytes).
    Removing stm32f1xx_hal_dma.o(i.HAL_DMA_GetState), (6 bytes).
    Removing stm32f1xx_hal_dma.o(i.HAL_DMA_IRQHandler), (344 bytes).
    Removing stm32f1xx_hal_dma.o(i.HAL_DMA_Init), (92 bytes).
    Removing stm32f1xx_hal_dma.o(i.HAL_DMA_PollForTransfer), (540 bytes).
    Removing stm32f1xx_hal_dma.o(i.HAL_DMA_RegisterCallback), (74 bytes).
    Removing stm32f1xx_hal_dma.o(i.HAL_DMA_Start), (80 bytes).
    Removing stm32f1xx_hal_dma.o(i.HAL_DMA_Start_IT), (112 bytes).
    Removing stm32f1xx_hal_dma.o(i.HAL_DMA_UnRegisterCallback), (82 bytes).
    Removing stm32f1xx_hal_cortex.o(.rev16_text), (4 bytes).
    Removing stm32f1xx_hal_cortex.o(.revsh_text), (4 bytes).
    Removing stm32f1xx_hal_cortex.o(.rrx_text), (6 bytes).
    Removing stm32f1xx_hal_cortex.o(i.HAL_NVIC_ClearPendingIRQ), (26 bytes).
    Removing stm32f1xx_hal_cortex.o(i.HAL_NVIC_DisableIRQ), (34 bytes).
    Removing stm32f1xx_hal_cortex.o(i.HAL_NVIC_GetActive), (36 bytes).
    Removing stm32f1xx_hal_cortex.o(i.HAL_NVIC_GetPendingIRQ), (36 bytes).
    Removing stm32f1xx_hal_cortex.o(i.HAL_NVIC_GetPriority), (84 bytes).
    Removing stm32f1xx_hal_cortex.o(i.HAL_NVIC_GetPriorityGrouping), (16 bytes).
    Removing stm32f1xx_hal_cortex.o(i.HAL_NVIC_SetPendingIRQ), (26 bytes).
    Removing stm32f1xx_hal_cortex.o(i.HAL_NVIC_SystemReset), (36 bytes).
    Removing stm32f1xx_hal_cortex.o(i.HAL_SYSTICK_CLKSourceConfig), (24 bytes).
    Removing stm32f1xx_hal_cortex.o(i.HAL_SYSTICK_Callback), (2 bytes).
    Removing stm32f1xx_hal_cortex.o(i.HAL_SYSTICK_IRQHandler), (8 bytes).
    Removing stm32f1xx_hal_pwr.o(.rev16_text), (4 bytes).
    Removing stm32f1xx_hal_pwr.o(.revsh_text), (4 bytes).
    Removing stm32f1xx_hal_pwr.o(.rrx_text), (6 bytes).
    Removing stm32f1xx_hal_pwr.o(i.HAL_PWR_ConfigPVD), (124 bytes).
    Removing stm32f1xx_hal_pwr.o(i.HAL_PWR_DeInit), (24 bytes).
    Removing stm32f1xx_hal_pwr.o(i.HAL_PWR_DisableBkUpAccess), (12 bytes).
    Removing stm32f1xx_hal_pwr.o(i.HAL_PWR_DisablePVD), (12 bytes).
    Removing stm32f1xx_hal_pwr.o(i.HAL_PWR_DisableSEVOnPend), (16 bytes).
    Removing stm32f1xx_hal_pwr.o(i.HAL_PWR_DisableSleepOnExit), (16 bytes).
    Removing stm32f1xx_hal_pwr.o(i.HAL_PWR_DisableWakeUpPin), (28 bytes).
    Removing stm32f1xx_hal_pwr.o(i.HAL_PWR_EnableBkUpAccess), (12 bytes).
    Removing stm32f1xx_hal_pwr.o(i.HAL_PWR_EnablePVD), (12 bytes).
    Removing stm32f1xx_hal_pwr.o(i.HAL_PWR_EnableSEVOnPend), (16 bytes).
    Removing stm32f1xx_hal_pwr.o(i.HAL_PWR_EnableSleepOnExit), (16 bytes).
    Removing stm32f1xx_hal_pwr.o(i.HAL_PWR_EnableWakeUpPin), (28 bytes).
    Removing stm32f1xx_hal_pwr.o(i.HAL_PWR_EnterSTANDBYMode), (32 bytes).
    Removing stm32f1xx_hal_pwr.o(i.HAL_PWR_EnterSTOPMode), (68 bytes).
    Removing stm32f1xx_hal_pwr.o(i.HAL_PWR_PVDCallback), (2 bytes).
    Removing stm32f1xx_hal_pwr.o(i.HAL_PWR_PVD_IRQHandler), (28 bytes).
    Removing stm32f1xx_hal_pwr.o(i.PWR_OverloadWfe), (6 bytes).
    Removing stm32f1xx_hal_flash.o(.rev16_text), (4 bytes).
    Removing stm32f1xx_hal_flash.o(.revsh_text), (4 bytes).
    Removing stm32f1xx_hal_flash.o(.rrx_text), (6 bytes).
    Removing stm32f1xx_hal_flash.o(i.FLASH_Program_HalfWord), (28 bytes).
    Removing stm32f1xx_hal_flash.o(i.FLASH_SetErrorCode), (92 bytes).
    Removing stm32f1xx_hal_flash.o(i.FLASH_WaitForLastOperation), (84 bytes).
    Removing stm32f1xx_hal_flash.o(i.HAL_FLASH_EndOfOperationCallback), (2 bytes).
    Removing stm32f1xx_hal_flash.o(i.HAL_FLASH_GetError), (12 bytes).
    Removing stm32f1xx_hal_flash.o(i.HAL_FLASH_IRQHandler), (260 bytes).
    Removing stm32f1xx_hal_flash.o(i.HAL_FLASH_Lock), (20 bytes).
    Removing stm32f1xx_hal_flash.o(i.HAL_FLASH_OB_Launch), (4 bytes).
    Removing stm32f1xx_hal_flash.o(i.HAL_FLASH_OB_Lock), (20 bytes).
    Removing stm32f1xx_hal_flash.o(i.HAL_FLASH_OB_Unlock), (36 bytes).
    Removing stm32f1xx_hal_flash.o(i.HAL_FLASH_OperationErrorCallback), (2 bytes).
    Removing stm32f1xx_hal_flash.o(i.HAL_FLASH_Program), (132 bytes).
    Removing stm32f1xx_hal_flash.o(i.HAL_FLASH_Program_IT), (96 bytes).
    Removing stm32f1xx_hal_flash.o(i.HAL_FLASH_Unlock), (40 bytes).
    Removing stm32f1xx_hal_flash.o(.bss), (32 bytes).
    Removing stm32f1xx_hal_flash_ex.o(.rev16_text), (4 bytes).
    Removing stm32f1xx_hal_flash_ex.o(.revsh_text), (4 bytes).
    Removing stm32f1xx_hal_flash_ex.o(.rrx_text), (6 bytes).
    Removing stm32f1xx_hal_flash_ex.o(i.FLASH_MassErase), (36 bytes).
    Removing stm32f1xx_hal_flash_ex.o(i.FLASH_OB_DisableWRP), (176 bytes).
    Removing stm32f1xx_hal_flash_ex.o(i.FLASH_OB_EnableWRP), (176 bytes).
    Removing stm32f1xx_hal_flash_ex.o(i.FLASH_OB_GetRDP), (24 bytes).
    Removing stm32f1xx_hal_flash_ex.o(i.FLASH_OB_RDP_LevelConfig), (100 bytes).
    Removing stm32f1xx_hal_flash_ex.o(i.FLASH_PageErase), (36 bytes).
    Removing stm32f1xx_hal_flash_ex.o(i.HAL_FLASHEx_Erase), (168 bytes).
    Removing stm32f1xx_hal_flash_ex.o(i.HAL_FLASHEx_Erase_IT), (84 bytes).
    Removing stm32f1xx_hal_flash_ex.o(i.HAL_FLASHEx_OBErase), (84 bytes).
    Removing stm32f1xx_hal_flash_ex.o(i.HAL_FLASHEx_OBGetConfig), (36 bytes).
    Removing stm32f1xx_hal_flash_ex.o(i.HAL_FLASHEx_OBGetUserData), (32 bytes).
    Removing stm32f1xx_hal_flash_ex.o(i.HAL_FLASHEx_OBProgram), (200 bytes).
    Removing system_stm32f1xx.o(.rev16_text), (4 bytes).
    Removing system_stm32f1xx.o(.revsh_text), (4 bytes).
    Removing system_stm32f1xx.o(.rrx_text), (6 bytes).
    Removing system_stm32f1xx.o(i.SystemCoreClockUpdate), (104 bytes).
    Removing cdcmple.o(.text), (48 bytes).

390 unused section(s) (total 21104 bytes) removed from the image.

==============================================================================

Image Symbol Table

    Local Symbols

    Symbol Name                              Value     Ov Type        Size  Object(Section)

    ../Drivers/STM32F1xx_HAL_Driver/Src/stm32f1xx_hal.c 0x00000000   Number         0  stm32f1xx_hal.o ABSOLUTE
    ../Drivers/STM32F1xx_HAL_Driver/Src/stm32f1xx_hal_cortex.c 0x00000000   Number         0  stm32f1xx_hal_cortex.o ABSOLUTE
    ../Drivers/STM32F1xx_HAL_Driver/Src/stm32f1xx_hal_dma.c 0x00000000   Number         0  stm32f1xx_hal_dma.o ABSOLUTE
    ../Drivers/STM32F1xx_HAL_Driver/Src/stm32f1xx_hal_flash.c 0x00000000   Number         0  stm32f1xx_hal_flash.o ABSOLUTE
    ../Drivers/STM32F1xx_HAL_Driver/Src/stm32f1xx_hal_flash_ex.c 0x00000000   Number         0  stm32f1xx_hal_flash_ex.o ABSOLUTE
    ../Drivers/STM32F1xx_HAL_Driver/Src/stm32f1xx_hal_gpio.c 0x00000000   Number         0  stm32f1xx_hal_gpio.o ABSOLUTE
    ../Drivers/STM32F1xx_HAL_Driver/Src/stm32f1xx_hal_gpio_ex.c 0x00000000   Number         0  stm32f1xx_hal_gpio_ex.o ABSOLUTE
    ../Drivers/STM32F1xx_HAL_Driver/Src/stm32f1xx_hal_pwr.c 0x00000000   Number         0  stm32f1xx_hal_pwr.o ABSOLUTE
    ../Drivers/STM32F1xx_HAL_Driver/Src/stm32f1xx_hal_rcc.c 0x00000000   Number         0  stm32f1xx_hal_rcc.o ABSOLUTE
    ../Drivers/STM32F1xx_HAL_Driver/Src/stm32f1xx_hal_rcc_ex.c 0x00000000   Number         0  stm32f1xx_hal_rcc_ex.o ABSOLUTE
    ../Drivers/STM32F1xx_HAL_Driver/Src/stm32f1xx_hal_tim.c 0x00000000   Number         0  stm32f1xx_hal_tim.o ABSOLUTE
    ../Drivers/STM32F1xx_HAL_Driver/Src/stm32f1xx_hal_tim_ex.c 0x00000000   Number         0  stm32f1xx_hal_tim_ex.o ABSOLUTE
    ../Drivers/STM32F1xx_HAL_Driver/Src/stm32f1xx_hal_uart.c 0x00000000   Number         0  stm32f1xx_hal_uart.o ABSOLUTE
    ../Src/main.c                            0x00000000   Number         0  main.o ABSOLUTE
    ../Src/stm32f1xx_hal_msp.c               0x00000000   Number         0  stm32f1xx_hal_msp.o ABSOLUTE
    ../Src/stm32f1xx_it.c                    0x00000000   Number         0  stm32f1xx_it.o ABSOLUTE
    ../Src/system_stm32f1xx.c                0x00000000   Number         0  system_stm32f1xx.o ABSOLUTE
    ../clib/microlib/errno.c                 0x00000000   Number         0  errno.o ABSOLUTE
    ../clib/microlib/init/entry.s            0x00000000   Number         0  entry7b.o ABSOLUTE
    ../clib/microlib/init/entry.s            0x00000000   Number         0  entry2.o ABSOLUTE
    ../clib/microlib/init/entry.s            0x00000000   Number         0  entry5.o ABSOLUTE
    ../clib/microlib/init/entry.s            0x00000000   Number         0  entry11a.o ABSOLUTE
    ../clib/microlib/init/entry.s            0x00000000   Number         0  entry10b.o ABSOLUTE
    ../clib/microlib/init/entry.s            0x00000000   Number         0  entry7a.o ABSOLUTE
    ../clib/microlib/init/entry.s            0x00000000   Number         0  entry.o ABSOLUTE
    ../clib/microlib/init/entry.s            0x00000000   Number         0  entry10a.o ABSOLUTE
    ../clib/microlib/init/entry.s            0x00000000   Number         0  entry9b.o ABSOLUTE
    ../clib/microlib/init/entry.s            0x00000000   Number         0  entry9a.o ABSOLUTE
    ../clib/microlib/init/entry.s            0x00000000   Number         0  entry8b.o ABSOLUTE
    ../clib/microlib/init/entry.s            0x00000000   Number         0  entry8a.o ABSOLUTE
    ../clib/microlib/init/entry.s            0x00000000   Number         0  entry11b.o ABSOLUTE
    ../clib/microlib/longlong.c              0x00000000   Number         0  llushr.o ABSOLUTE
    ../clib/microlib/longlong.c              0x00000000   Number         0  llsshr.o ABSOLUTE
    ../clib/microlib/longlong.c              0x00000000   Number         0  llshl.o ABSOLUTE
    ../clib/microlib/stdlib/rand.c           0x00000000   Number         0  rand.o ABSOLUTE
    ../clib/microlib/string/memset.c         0x00000000   Number         0  memseta.o ABSOLUTE
    ../clib/microlib/stubs.s                 0x00000000   Number         0  iusefp.o ABSOLUTE
    ../fplib/microlib/d2f.c                  0x00000000   Number         0  d2f.o ABSOLUTE
    ../fplib/microlib/f2d.c                  0x00000000   Number         0  f2d.o ABSOLUTE
    ../fplib/microlib/fpadd.c                0x00000000   Number         0  fadd.o ABSOLUTE
    ../fplib/microlib/fpadd.c                0x00000000   Number         0  dadd.o ABSOLUTE
    ../fplib/microlib/fpdiv.c                0x00000000   Number         0  ddiv.o ABSOLUTE
    ../fplib/microlib/fpepilogue.c           0x00000000   Number         0  fepilogue.o ABSOLUTE
    ../fplib/microlib/fpepilogue.c           0x00000000   Number         0  depilogue.o ABSOLUTE
    ../fplib/microlib/fpfix.c                0x00000000   Number         0  dfixi.o ABSOLUTE
    ../fplib/microlib/fpflt.c                0x00000000   Number         0  dfltui.o ABSOLUTE
    ../fplib/microlib/fpflt.c                0x00000000   Number         0  fflti.o ABSOLUTE
    ../fplib/microlib/fpmul.c                0x00000000   Number         0  fmul.o ABSOLUTE
    ../fplib/microlib/fpmul.c                0x00000000   Number         0  dmul.o ABSOLUTE
    ../fplib/microlib/fpscalb.c              0x00000000   Number         0  dscalb.o ABSOLUTE
    ../fplib/microlib/fpsqrt.c               0x00000000   Number         0  dsqrt.o ABSOLUTE
    ../mathlib/atan.c                        0x00000000   Number         0  atan_x.o ABSOLUTE
    ../mathlib/atan.c                        0x00000000   Number         0  atan.o ABSOLUTE
    ../mathlib/dunder.c                      0x00000000   Number         0  dunder.o ABSOLUTE
    ../mathlib/fpclassify.c                  0x00000000   Number         0  fpclassify.o ABSOLUTE
    ../mathlib/poly.c                        0x00000000   Number         0  poly.o ABSOLUTE
    ../mathlib/sqrt.c                        0x00000000   Number         0  sqrt_x.o ABSOLUTE
    ../mathlib/sqrt.c                        0x00000000   Number         0  sqrt.o ABSOLUTE
    ..\Drivers\STM32F1xx_HAL_Driver\Src\stm32f1xx_hal.c 0x00000000   Number         0  stm32f1xx_hal.o ABSOLUTE
    ..\Drivers\STM32F1xx_HAL_Driver\Src\stm32f1xx_hal_cortex.c 0x00000000   Number         0  stm32f1xx_hal_cortex.o ABSOLUTE
    ..\Drivers\STM32F1xx_HAL_Driver\Src\stm32f1xx_hal_dma.c 0x00000000   Number         0  stm32f1xx_hal_dma.o ABSOLUTE
    ..\Drivers\STM32F1xx_HAL_Driver\Src\stm32f1xx_hal_flash.c 0x00000000   Number         0  stm32f1xx_hal_flash.o ABSOLUTE
    ..\Drivers\STM32F1xx_HAL_Driver\Src\stm32f1xx_hal_flash_ex.c 0x00000000   Number         0  stm32f1xx_hal_flash_ex.o ABSOLUTE
    ..\Drivers\STM32F1xx_HAL_Driver\Src\stm32f1xx_hal_gpio.c 0x00000000   Number         0  stm32f1xx_hal_gpio.o ABSOLUTE
    ..\Drivers\STM32F1xx_HAL_Driver\Src\stm32f1xx_hal_gpio_ex.c 0x00000000   Number         0  stm32f1xx_hal_gpio_ex.o ABSOLUTE
    ..\Drivers\STM32F1xx_HAL_Driver\Src\stm32f1xx_hal_pwr.c 0x00000000   Number         0  stm32f1xx_hal_pwr.o ABSOLUTE
    ..\Drivers\STM32F1xx_HAL_Driver\Src\stm32f1xx_hal_rcc.c 0x00000000   Number         0  stm32f1xx_hal_rcc.o ABSOLUTE
    ..\Drivers\STM32F1xx_HAL_Driver\Src\stm32f1xx_hal_rcc_ex.c 0x00000000   Number         0  stm32f1xx_hal_rcc_ex.o ABSOLUTE
    ..\Drivers\STM32F1xx_HAL_Driver\Src\stm32f1xx_hal_tim.c 0x00000000   Number         0  stm32f1xx_hal_tim.o ABSOLUTE
    ..\Drivers\STM32F1xx_HAL_Driver\Src\stm32f1xx_hal_tim_ex.c 0x00000000   Number         0  stm32f1xx_hal_tim_ex.o ABSOLUTE
    ..\Drivers\STM32F1xx_HAL_Driver\Src\stm32f1xx_hal_uart.c 0x00000000   Number         0  stm32f1xx_hal_uart.o ABSOLUTE
    ..\Src\ADXL345.c                         0x00000000   Number         0  adxl345.o ABSOLUTE
    ..\Src\DS3231.c                          0x00000000   Number         0  ds3231.o ABSOLUTE
    ..\Src\HPDL1414.c                        0x00000000   Number         0  hpdl1414.o ABSOLUTE
    ..\Src\delay.c                           0x00000000   Number         0  delay.o ABSOLUTE
    ..\Src\main.c                            0x00000000   Number         0  main.o ABSOLUTE
    ..\Src\myiic.c                           0x00000000   Number         0  myiic.o ABSOLUTE
    ..\Src\si7020.c                          0x00000000   Number         0  si7020.o ABSOLUTE
    ..\Src\stm32f1xx_hal_msp.c               0x00000000   Number         0  stm32f1xx_hal_msp.o ABSOLUTE
    ..\Src\stm32f1xx_it.c                    0x00000000   Number         0  stm32f1xx_it.o ABSOLUTE
    ..\Src\system_stm32f1xx.c                0x00000000   Number         0  system_stm32f1xx.o ABSOLUTE
    ..\\Src\\ADXL345.c                       0x00000000   Number         0  adxl345.o ABSOLUTE
    ..\\Src\\DS3231.c                        0x00000000   Number         0  ds3231.o ABSOLUTE
    ..\\Src\\HPDL1414.c                      0x00000000   Number         0  hpdl1414.o ABSOLUTE
    ..\\Src\\delay.c                         0x00000000   Number         0  delay.o ABSOLUTE
    ..\\Src\\myiic.c                         0x00000000   Number         0  myiic.o ABSOLUTE
    ..\\Src\\si7020.c                        0x00000000   Number         0  si7020.o ABSOLUTE
    cdcmple.s                                0x00000000   Number         0  cdcmple.o ABSOLUTE
    dc.s                                     0x00000000   Number         0  dc.o ABSOLUTE
    handlers.s                               0x00000000   Number         0  handlers.o ABSOLUTE
    init.s                                   0x00000000   Number         0  init.o ABSOLUTE
    startup_stm32f103xb.s                    0x00000000   Number         0  startup_stm32f103xb.o ABSOLUTE
    RESET                                    0x08000000   Section      236  startup_stm32f103xb.o(RESET)
    .ARM.Collect$$$$00000000                 0x080000ec   Section        0  entry.o(.ARM.Collect$$$$00000000)
    .ARM.Collect$$$$00000001                 0x080000ec   Section        4  entry2.o(.ARM.Collect$$$$00000001)
    .ARM.Collect$$$$00000004                 0x080000f0   Section        4  entry5.o(.ARM.Collect$$$$00000004)
    .ARM.Collect$$$$00000008                 0x080000f4   Section        0  entry7b.o(.ARM.Collect$$$$00000008)
    .ARM.Collect$$$$0000000A                 0x080000f4   Section        0  entry8b.o(.ARM.Collect$$$$0000000A)
    .ARM.Collect$$$$0000000B                 0x080000f4   Section        8  entry9a.o(.ARM.Collect$$$$0000000B)
    .ARM.Collect$$$$0000000D                 0x080000fc   Section        0  entry10a.o(.ARM.Collect$$$$0000000D)
    .ARM.Collect$$$$0000000F                 0x080000fc   Section        0  entry11a.o(.ARM.Collect$$$$0000000F)
    .ARM.Collect$$$$00002712                 0x080000fc   Section        4  entry2.o(.ARM.Collect$$$$00002712)
    __lit__00000000                          0x080000fc   Data           4  entry2.o(.ARM.Collect$$$$00002712)
    .text                                    0x08000100   Section       36  startup_stm32f103xb.o(.text)
    .text                                    0x08000124   Section        0  llushr.o(.text)
    .text                                    0x08000144   Section        0  rand.o(.text)
    .text                                    0x08000168   Section        0  memseta.o(.text)
    .text                                    0x0800018c   Section        0  fadd.o(.text)
    .text                                    0x0800023c   Section        0  fmul.o(.text)
    .text                                    0x080002a0   Section        0  dadd.o(.text)
    .text                                    0x080003ee   Section        0  dmul.o(.text)
    .text                                    0x080004d2   Section        0  ddiv.o(.text)
    .text                                    0x080005b0   Section        0  dscalb.o(.text)
    .text                                    0x080005de   Section        0  fflti.o(.text)
    .text                                    0x080005f0   Section        0  dfltui.o(.text)
    .text                                    0x0800060a   Section        0  dfixi.o(.text)
    .text                                    0x08000648   Section        0  f2d.o(.text)
    .text                                    0x0800066e   Section        0  d2f.o(.text)
    .text                                    0x080006a6   Section        0  llshl.o(.text)
    .text                                    0x080006c4   Section        0  llsshr.o(.text)
    .text                                    0x080006e8   Section        0  iusefp.o(.text)
    .text                                    0x080006e8   Section        0  fepilogue.o(.text)
    .text                                    0x08000756   Section        0  depilogue.o(.text)
    .text                                    0x08000810   Section        0  dsqrt.o(.text)
    .text                                    0x080008b4   Section       36  init.o(.text)
    i.ADXL345_Get_Angle                      0x080008d8   Section        0  adxl345.o(i.ADXL345_Get_Angle)
    i.ADXL345_Init                           0x080009b8   Section        0  adxl345.o(i.ADXL345_Init)
    i.ADXL345_RD_Reg                         0x08000a00   Section        0  adxl345.o(i.ADXL345_RD_Reg)
    i.ADXL345_RD_XYZ                         0x08000a3c   Section        0  adxl345.o(i.ADXL345_RD_XYZ)
    i.ADXL345_Read_Angle                     0x08000aa0   Section        0  adxl345.o(i.ADXL345_Read_Angle)
    i.ADXL345_Read_Average                   0x08000b88   Section        0  adxl345.o(i.ADXL345_Read_Average)
    i.ADXL345_WR_Reg                         0x08000bfe   Section        0  adxl345.o(i.ADXL345_WR_Reg)
    i.BCD2ASC_H                              0x08000c30   Section        0  ds3231.o(i.BCD2ASC_H)
    i.BCD2ASC_L                              0x08000c3c   Section        0  ds3231.o(i.BCD2ASC_L)
    i.B_BCD                                  0x08000c4c   Section        0  ds3231.o(i.B_BCD)
    i.BusFault_Handler                       0x08000c62   Section        0  stm32f1xx_it.o(i.BusFault_Handler)
    i.DS3231_Init                            0x08000c64   Section        0  ds3231.o(i.DS3231_Init)
    i.DS3231_Set                             0x08000c8a   Section        0  ds3231.o(i.DS3231_Set)
    i.DebugMon_Handler                       0x08000cfe   Section        0  stm32f1xx_it.o(i.DebugMon_Handler)
    i.HAL_DMA_Abort_IT                       0x08000d00   Section        0  stm32f1xx_hal_dma.o(i.HAL_DMA_Abort_IT)
    i.HAL_Delay                              0x08000d98   Section        0  stm32f1xx_hal.o(i.HAL_Delay)
    i.HAL_GPIO_Init                          0x08000dbc   Section        0  stm32f1xx_hal_gpio.o(i.HAL_GPIO_Init)
    i.HAL_GPIO_ReadPin                       0x08000f88   Section        0  stm32f1xx_hal_gpio.o(i.HAL_GPIO_ReadPin)
    i.HAL_GPIO_WritePin                      0x08000f92   Section        0  stm32f1xx_hal_gpio.o(i.HAL_GPIO_WritePin)
    i.HAL_GetTick                            0x08000f9c   Section        0  stm32f1xx_hal.o(i.HAL_GetTick)
    i.HAL_IncTick                            0x08000fa8   Section        0  stm32f1xx_hal.o(i.HAL_IncTick)
    i.HAL_Init                               0x08000fb8   Section        0  stm32f1xx_hal.o(i.HAL_Init)
    i.HAL_InitTick                           0x08000fdc   Section        0  stm32f1xx_hal.o(i.HAL_InitTick)
    i.HAL_MspInit                            0x0800101c   Section        0  stm32f1xx_hal_msp.o(i.HAL_MspInit)
    i.HAL_NVIC_EnableIRQ                     0x08001058   Section        0  stm32f1xx_hal_cortex.o(i.HAL_NVIC_EnableIRQ)
    i.HAL_NVIC_SetPriority                   0x08001074   Section        0  stm32f1xx_hal_cortex.o(i.HAL_NVIC_SetPriority)
    i.HAL_NVIC_SetPriorityGrouping           0x080010b4   Section        0  stm32f1xx_hal_cortex.o(i.HAL_NVIC_SetPriorityGrouping)
    i.HAL_PWR_EnterSLEEPMode                 0x080010d8   Section        0  stm32f1xx_hal_pwr.o(i.HAL_PWR_EnterSLEEPMode)
    i.HAL_RCC_ClockConfig                    0x080010f8   Section        0  stm32f1xx_hal_rcc.o(i.HAL_RCC_ClockConfig)
    i.HAL_RCC_GetPCLK1Freq                   0x08001230   Section        0  stm32f1xx_hal_rcc.o(i.HAL_RCC_GetPCLK1Freq)
    i.HAL_RCC_GetPCLK2Freq                   0x08001250   Section        0  stm32f1xx_hal_rcc.o(i.HAL_RCC_GetPCLK2Freq)
    i.HAL_RCC_GetSysClockFreq                0x08001270   Section        0  stm32f1xx_hal_rcc.o(i.HAL_RCC_GetSysClockFreq)
    i.HAL_RCC_OscConfig                      0x080012dc   Section        0  stm32f1xx_hal_rcc.o(i.HAL_RCC_OscConfig)
    i.HAL_ResumeTick                         0x080015f4   Section        0  stm32f1xx_hal.o(i.HAL_ResumeTick)
    i.HAL_SYSTICK_Config                     0x08001602   Section        0  stm32f1xx_hal_cortex.o(i.HAL_SYSTICK_Config)
    i.HAL_SuspendTick                        0x0800162a   Section        0  stm32f1xx_hal.o(i.HAL_SuspendTick)
    i.HAL_TIMEx_BreakCallback                0x08001638   Section        0  stm32f1xx_hal_tim_ex.o(i.HAL_TIMEx_BreakCallback)
    i.HAL_TIMEx_CommutCallback               0x0800163a   Section        0  stm32f1xx_hal_tim_ex.o(i.HAL_TIMEx_CommutCallback)
    i.HAL_TIMEx_MasterConfigSynchronization  0x0800163c   Section        0  stm32f1xx_hal_tim_ex.o(i.HAL_TIMEx_MasterConfigSynchronization)
    i.HAL_TIM_Base_Init                      0x0800167e   Section        0  stm32f1xx_hal_tim.o(i.HAL_TIM_Base_Init)
    i.HAL_TIM_Base_MspInit                   0x080016b4   Section        0  stm32f1xx_hal_msp.o(i.HAL_TIM_Base_MspInit)
    i.HAL_TIM_Base_Start_IT                  0x080016ec   Section        0  stm32f1xx_hal_tim.o(i.HAL_TIM_Base_Start_IT)
    i.HAL_TIM_ConfigClockSource              0x0800170e   Section        0  stm32f1xx_hal_tim.o(i.HAL_TIM_ConfigClockSource)
    i.HAL_TIM_IC_CaptureCallback             0x080017e4   Section        0  stm32f1xx_hal_tim.o(i.HAL_TIM_IC_CaptureCallback)
    i.HAL_TIM_IRQHandler                     0x080017e6   Section        0  stm32f1xx_hal_tim.o(i.HAL_TIM_IRQHandler)
    i.HAL_TIM_OC_DelayElapsedCallback        0x0800194c   Section        0  stm32f1xx_hal_tim.o(i.HAL_TIM_OC_DelayElapsedCallback)
    i.HAL_TIM_PWM_PulseFinishedCallback      0x0800194e   Section        0  stm32f1xx_hal_tim.o(i.HAL_TIM_PWM_PulseFinishedCallback)
    i.HAL_TIM_PeriodElapsedCallback          0x08001950   Section        0  main.o(i.HAL_TIM_PeriodElapsedCallback)
    i.HAL_TIM_TriggerCallback                0x080019ac   Section        0  stm32f1xx_hal_tim.o(i.HAL_TIM_TriggerCallback)
    i.HAL_UART_ErrorCallback                 0x080019ae   Section        0  stm32f1xx_hal_uart.o(i.HAL_UART_ErrorCallback)
    i.HAL_UART_IRQHandler                    0x080019b0   Section        0  stm32f1xx_hal_uart.o(i.HAL_UART_IRQHandler)
    i.HAL_UART_Init                          0x08001ac0   Section        0  stm32f1xx_hal_uart.o(i.HAL_UART_Init)
    i.HAL_UART_MspInit                       0x08001b24   Section        0  stm32f1xx_hal_msp.o(i.HAL_UART_MspInit)
    i.HAL_UART_Receive_IT                    0x08001ba4   Section        0  stm32f1xx_hal_uart.o(i.HAL_UART_Receive_IT)
    i.HAL_UART_RxCpltCallback                0x08001bf6   Section        0  main.o(i.HAL_UART_RxCpltCallback)
    i.HAL_UART_TxCpltCallback                0x08001bf8   Section        0  stm32f1xx_hal_uart.o(i.HAL_UART_TxCpltCallback)
    i.HPDL1414_show                          0x08001bfc   Section        0  hpdl1414.o(i.HPDL1414_show)
    i.HardFault_Handler                      0x08001d50   Section        0  stm32f1xx_it.o(i.HardFault_Handler)
    i.I2cByteRead                            0x08001d52   Section        0  ds3231.o(i.I2cByteRead)
    i.I2cByteWrite                           0x08001d9e   Section        0  ds3231.o(i.I2cByteWrite)
    i.IIC2_Ack                               0x08001dec   Section        0  myiic.o(i.IIC2_Ack)
    i.IIC2_Init                              0x08001e2c   Section        0  myiic.o(i.IIC2_Init)
    i.IIC2_NAck                              0x08001e3c   Section        0  myiic.o(i.IIC2_NAck)
    i.IIC2_Read_Byte                         0x08001e7c   Section        0  myiic.o(i.IIC2_Read_Byte)
    i.IIC2_Send_Byte                         0x08001ee0   Section        0  myiic.o(i.IIC2_Send_Byte)
    i.IIC2_Start                             0x08001f50   Section        0  myiic.o(i.IIC2_Start)
    i.IIC2_Stop                              0x08001f9c   Section        0  myiic.o(i.IIC2_Stop)
    i.IIC2_Wait_Ack                          0x08001fe4   Section        0  myiic.o(i.IIC2_Wait_Ack)
    i.IIC3_Ack                               0x0800202c   Section        0  myiic.o(i.IIC3_Ack)
    i.IIC3_Init                              0x08002074   Section        0  myiic.o(i.IIC3_Init)
    i.IIC3_NAck                              0x08002098   Section        0  myiic.o(i.IIC3_NAck)
    i.IIC3_Read_Byte                         0x080020dc   Section        0  myiic.o(i.IIC3_Read_Byte)
    i.IIC3_Send_Byte                         0x0800214c   Section        0  myiic.o(i.IIC3_Send_Byte)
    i.IIC3_Start                             0x080021c8   Section        0  myiic.o(i.IIC3_Start)
    i.IIC3_Stop                              0x0800221c   Section        0  myiic.o(i.IIC3_Stop)
    i.IIC3_Wait_Ack                          0x0800226c   Section        0  myiic.o(i.IIC3_Wait_Ack)
    i.IIC_Ack                                0x080022c0   Section        0  myiic.o(i.IIC_Ack)
    i.IIC_Init                               0x08002300   Section        0  myiic.o(i.IIC_Init)
    i.IIC_NAck                               0x08002310   Section        0  myiic.o(i.IIC_NAck)
    i.IIC_Read_Byte                          0x08002350   Section        0  myiic.o(i.IIC_Read_Byte)
    i.IIC_Send_Byte                          0x080023b4   Section        0  myiic.o(i.IIC_Send_Byte)
    i.IIC_Start                              0x08002424   Section        0  myiic.o(i.IIC_Start)
    i.IIC_Stop                               0x08002470   Section        0  myiic.o(i.IIC_Stop)
    i.IIC_Wait_Ack                           0x080024a8   Section        0  myiic.o(i.IIC_Wait_Ack)
    i.MX_GPIO_Init                           0x080024f0   Section        0  main.o(i.MX_GPIO_Init)
    MX_GPIO_Init                             0x080024f1   Thumb Code   210  main.o(i.MX_GPIO_Init)
    i.MX_TIM2_Init                           0x080025d0   Section        0  main.o(i.MX_TIM2_Init)
    MX_TIM2_Init                             0x080025d1   Thumb Code    74  main.o(i.MX_TIM2_Init)
    i.MX_USART1_UART_Init                    0x08002620   Section        0  main.o(i.MX_USART1_UART_Init)
    MX_USART1_UART_Init                      0x08002621   Thumb Code    32  main.o(i.MX_USART1_UART_Init)
    i.MemManage_Handler                      0x08002648   Section        0  stm32f1xx_it.o(i.MemManage_Handler)
    i.NMI_Handler                            0x0800264a   Section        0  stm32f1xx_it.o(i.NMI_Handler)
    i.PendSV_Handler                         0x0800264c   Section        0  stm32f1xx_it.o(i.PendSV_Handler)
    i.SI7020_Init                            0x0800264e   Section        0  si7020.o(i.SI7020_Init)
    i.SI7020_ReadOneByte                     0x08002652   Section        0  si7020.o(i.SI7020_ReadOneByte)
    i.SI7020_Read_Humidity                   0x080026b0   Section        0  si7020.o(i.SI7020_Read_Humidity)
    i.SI7020_Read_Temperture                 0x080026f0   Section        0  si7020.o(i.SI7020_Read_Temperture)
    i.SVC_Handler                            0x08002734   Section        0  stm32f1xx_it.o(i.SVC_Handler)
    i.SleepMode_Measure                      0x08002736   Section        0  main.o(i.SleepMode_Measure)
    i.SysTick_Handler                        0x08002752   Section        0  stm32f1xx_it.o(i.SysTick_Handler)
    i.SystemClock_Config                     0x08002756   Section        0  main.o(i.SystemClock_Config)
    i.SystemInit                             0x08002798   Section        0  system_stm32f1xx.o(i.SystemInit)
    i.TIM2_IRQHandler                        0x080027e0   Section        0  stm32f1xx_it.o(i.TIM2_IRQHandler)
    i.TIM_Base_SetConfig                     0x080027ec   Section        0  stm32f1xx_hal_tim.o(i.TIM_Base_SetConfig)
    i.TIM_ETR_SetConfig                      0x08002858   Section        0  stm32f1xx_hal_tim.o(i.TIM_ETR_SetConfig)
    i.TIM_ITRx_SetConfig                     0x0800286c   Section        0  stm32f1xx_hal_tim.o(i.TIM_ITRx_SetConfig)
    TIM_ITRx_SetConfig                       0x0800286d   Thumb Code    16  stm32f1xx_hal_tim.o(i.TIM_ITRx_SetConfig)
    i.TIM_TI1_ConfigInputStage               0x0800287c   Section        0  stm32f1xx_hal_tim.o(i.TIM_TI1_ConfigInputStage)
    TIM_TI1_ConfigInputStage                 0x0800287d   Thumb Code    34  stm32f1xx_hal_tim.o(i.TIM_TI1_ConfigInputStage)
    i.TIM_TI2_ConfigInputStage               0x0800289e   Section        0  stm32f1xx_hal_tim.o(i.TIM_TI2_ConfigInputStage)
    TIM_TI2_ConfigInputStage                 0x0800289f   Thumb Code    36  stm32f1xx_hal_tim.o(i.TIM_TI2_ConfigInputStage)
    i.UART_DMAAbortOnError                   0x080028c2   Section        0  stm32f1xx_hal_uart.o(i.UART_DMAAbortOnError)
    UART_DMAAbortOnError                     0x080028c3   Thumb Code    16  stm32f1xx_hal_uart.o(i.UART_DMAAbortOnError)
    i.UART_EndRxTransfer                     0x080028d2   Section        0  stm32f1xx_hal_uart.o(i.UART_EndRxTransfer)
    UART_EndRxTransfer                       0x080028d3   Thumb Code    28  stm32f1xx_hal_uart.o(i.UART_EndRxTransfer)
    i.UART_Receive_IT                        0x080028ee   Section        0  stm32f1xx_hal_uart.o(i.UART_Receive_IT)
    UART_Receive_IT                          0x080028ef   Thumb Code   150  stm32f1xx_hal_uart.o(i.UART_Receive_IT)
    i.UART_SetConfig                         0x08002984   Section        0  stm32f1xx_hal_uart.o(i.UART_SetConfig)
    UART_SetConfig                           0x08002985   Thumb Code   178  stm32f1xx_hal_uart.o(i.UART_SetConfig)
    i.UART_Transmit_IT                       0x08002a3c   Section        0  stm32f1xx_hal_uart.o(i.UART_Transmit_IT)
    UART_Transmit_IT                         0x08002a3d   Thumb Code    98  stm32f1xx_hal_uart.o(i.UART_Transmit_IT)
    i.USART1_IRQHandler                      0x08002aa0   Section        0  stm32f1xx_it.o(i.USART1_IRQHandler)
    i.UsageFault_Handler                     0x08002aac   Section        0  stm32f1xx_it.o(i.UsageFault_Handler)
    i.__ARM_fpclassify                       0x08002aae   Section        0  fpclassify.o(i.__ARM_fpclassify)
    i.__NVIC_SetPriority                     0x08002ad6   Section        0  stm32f1xx_hal_cortex.o(i.__NVIC_SetPriority)
    __NVIC_SetPriority                       0x08002ad7   Thumb Code    32  stm32f1xx_hal_cortex.o(i.__NVIC_SetPriority)
    i.__kernel_poly                          0x08002af6   Section        0  poly.o(i.__kernel_poly)
    i.__mathlib_dbl_infnan                   0x08002ba0   Section        0  dunder.o(i.__mathlib_dbl_infnan)
    i.__mathlib_dbl_underflow                0x08002ba8   Section        0  dunder.o(i.__mathlib_dbl_underflow)
    i.__scatterload_copy                     0x08002bb8   Section       14  handlers.o(i.__scatterload_copy)
    i.__scatterload_null                     0x08002bc6   Section        2  handlers.o(i.__scatterload_null)
    i.__scatterload_zeroinit                 0x08002bc8   Section       14  handlers.o(i.__scatterload_zeroinit)
    i.__set_errno                            0x08002bd8   Section        0  errno.o(i.__set_errno)
    i.atan                                   0x08002be4   Section        0  atan.o(i.atan)
    i.delay_ms                               0x08002e04   Section        0  delay.o(i.delay_ms)
    i.delay_us                               0x08002e14   Section        0  delay.o(i.delay_us)
    i.get_show_time                          0x08002e28   Section        0  ds3231.o(i.get_show_time)
    i.getzero                                0x08002e70   Section        0  main.o(i.getzero)
    i.hextoascii                             0x08002edc   Section        0  main.o(i.hextoascii)
    i.init_all                               0x08002f10   Section        0  main.o(i.init_all)
    i.main                                   0x08003084   Section        0  main.o(i.main)
    i.random                                 0x08003368   Section        0  main.o(i.random)
    i.showHumidity                           0x0800337c   Section        0  main.o(i.showHumidity)
    i.showTemperture                         0x080033d4   Section        0  main.o(i.showTemperture)
    i.showdata                               0x08003420   Section        0  main.o(i.showdata)
    i.showfrist                              0x08003470   Section        0  main.o(i.showfrist)
    i.showsteps                              0x080034f0   Section        0  main.o(i.showsteps)
    i.showtime                               0x08003578   Section        0  main.o(i.showtime)
    i.showweek                               0x080035d0   Section        0  main.o(i.showweek)
    i.sqrt                                   0x0800364c   Section        0  sqrt.o(i.sqrt)
    i.weakupshow                             0x08003698   Section        0  main.o(i.weakupshow)
    i.write_1414                             0x080037d8   Section        0  hpdl1414.o(i.write_1414)
    .constdata                               0x080038c4   Section       16  system_stm32f1xx.o(.constdata)
    .constdata                               0x080038d4   Section        8  system_stm32f1xx.o(.constdata)
    .constdata                               0x080038e0   Section      152  atan.o(.constdata)
    atanhi                                   0x080038e0   Data          32  atan.o(.constdata)
    atanlo                                   0x08003900   Data          32  atan.o(.constdata)
    aTodd                                    0x08003920   Data          40  atan.o(.constdata)
    aTeven                                   0x08003948   Data          48  atan.o(.constdata)
    .data                                    0x20000000   Section       23  ds3231.o(.data)
    bcd2ascii                                0x20000007   Data          16  ds3231.o(.data)
    .data                                    0x20000018   Section       46  main.o(.data)
    .data                                    0x20000046   Section       24  adxl345.o(.data)
    .data                                    0x20000060   Section       12  stm32f1xx_hal.o(.data)
    .data                                    0x2000006c   Section        4  system_stm32f1xx.o(.data)
    .data                                    0x20000070   Section        4  rand.o(.data)
    _rand_state                              0x20000070   Data           4  rand.o(.data)
    .data                                    0x20000074   Section        4  errno.o(.data)
    _errno                                   0x20000074   Data           4  errno.o(.data)
    .bss                                     0x20000078   Section      148  main.o(.bss)
    STACK                                    0x20000110   Section     1024  startup_stm32f103xb.o(STACK)

    Global Symbols

    Symbol Name                              Value     Ov Type        Size  Object(Section)

    BuildAttributes$$THM_ISAv4$P$D$K$B$S$PE$A:L22UL41UL21$X:L11$S22US41US21$IEEE1$IW$USESV6$~STKCKD$USESV7$~SHL$OTIME$ROPI$IEEEX$EBA8$MICROLIB$REQ8$PRES8$EABIv2 0x00000000   Number         0  anon$$obj.o ABSOLUTE
    __ARM_use_no_argv                        0x00000000   Number         0  main.o ABSOLUTE
    __cpp_initialize__aeabi_                  - Undefined Weak Reference
    __cxa_finalize                            - Undefined Weak Reference
    __decompress                              - Undefined Weak Reference
    _clock_init                               - Undefined Weak Reference
    _microlib_exit                            - Undefined Weak Reference
    __Vectors_Size                           0x000000ec   Number         0  startup_stm32f103xb.o ABSOLUTE
    __Vectors                                0x08000000   Data           4  startup_stm32f103xb.o(RESET)
    __Vectors_End                            0x080000ec   Data           0  startup_stm32f103xb.o(RESET)
    __main                                   0x080000ed   Thumb Code     0  entry.o(.ARM.Collect$$$$00000000)
    _main_stk                                0x080000ed   Thumb Code     0  entry2.o(.ARM.Collect$$$$00000001)
    _main_scatterload                        0x080000f1   Thumb Code     0  entry5.o(.ARM.Collect$$$$00000004)
    __main_after_scatterload                 0x080000f5   Thumb Code     0  entry5.o(.ARM.Collect$$$$00000004)
    _main_clock                              0x080000f5   Thumb Code     0  entry7b.o(.ARM.Collect$$$$00000008)
    _main_cpp_init                           0x080000f5   Thumb Code     0  entry8b.o(.ARM.Collect$$$$0000000A)
    _main_init                               0x080000f5   Thumb Code     0  entry9a.o(.ARM.Collect$$$$0000000B)
    __rt_final_cpp                           0x080000fd   Thumb Code     0  entry10a.o(.ARM.Collect$$$$0000000D)
    __rt_final_exit                          0x080000fd   Thumb Code     0  entry11a.o(.ARM.Collect$$$$0000000F)
    Reset_Handler                            0x08000101   Thumb Code     8  startup_stm32f103xb.o(.text)
    ADC1_2_IRQHandler                        0x0800011b   Thumb Code     0  startup_stm32f103xb.o(.text)
    CAN1_RX1_IRQHandler                      0x0800011b   Thumb Code     0  startup_stm32f103xb.o(.text)
    CAN1_SCE_IRQHandler                      0x0800011b   Thumb Code     0  startup_stm32f103xb.o(.text)
    DMA1_Channel1_IRQHandler                 0x0800011b   Thumb Code     0  startup_stm32f103xb.o(.text)
    DMA1_Channel2_IRQHandler                 0x0800011b   Thumb Code     0  startup_stm32f103xb.o(.text)
    DMA1_Channel3_IRQHandler                 0x0800011b   Thumb Code     0  startup_stm32f103xb.o(.text)
    DMA1_Channel4_IRQHandler                 0x0800011b   Thumb Code     0  startup_stm32f103xb.o(.text)
    DMA1_Channel5_IRQHandler                 0x0800011b   Thumb Code     0  startup_stm32f103xb.o(.text)
    DMA1_Channel6_IRQHandler                 0x0800011b   Thumb Code     0  startup_stm32f103xb.o(.text)
    DMA1_Channel7_IRQHandler                 0x0800011b   Thumb Code     0  startup_stm32f103xb.o(.text)
    EXTI0_IRQHandler                         0x0800011b   Thumb Code     0  startup_stm32f103xb.o(.text)
    EXTI15_10_IRQHandler                     0x0800011b   Thumb Code     0  startup_stm32f103xb.o(.text)
    EXTI1_IRQHandler                         0x0800011b   Thumb Code     0  startup_stm32f103xb.o(.text)
    EXTI2_IRQHandler                         0x0800011b   Thumb Code     0  startup_stm32f103xb.o(.text)
    EXTI3_IRQHandler                         0x0800011b   Thumb Code     0  startup_stm32f103xb.o(.text)
    EXTI4_IRQHandler                         0x0800011b   Thumb Code     0  startup_stm32f103xb.o(.text)
    EXTI9_5_IRQHandler                       0x0800011b   Thumb Code     0  startup_stm32f103xb.o(.text)
    FLASH_IRQHandler                         0x0800011b   Thumb Code     0  startup_stm32f103xb.o(.text)
    I2C1_ER_IRQHandler                       0x0800011b   Thumb Code     0  startup_stm32f103xb.o(.text)
    I2C1_EV_IRQHandler                       0x0800011b   Thumb Code     0  startup_stm32f103xb.o(.text)
    I2C2_ER_IRQHandler                       0x0800011b   Thumb Code     0  startup_stm32f103xb.o(.text)
    I2C2_EV_IRQHandler                       0x0800011b   Thumb Code     0  startup_stm32f103xb.o(.text)
    PVD_IRQHandler                           0x0800011b   Thumb Code     0  startup_stm32f103xb.o(.text)
    RCC_IRQHandler                           0x0800011b   Thumb Code     0  startup_stm32f103xb.o(.text)
    RTC_Alarm_IRQHandler                     0x0800011b   Thumb Code     0  startup_stm32f103xb.o(.text)
    RTC_IRQHandler                           0x0800011b   Thumb Code     0  startup_stm32f103xb.o(.text)
    SPI1_IRQHandler                          0x0800011b   Thumb Code     0  startup_stm32f103xb.o(.text)
    SPI2_IRQHandler                          0x0800011b   Thumb Code     0  startup_stm32f103xb.o(.text)
    TAMPER_IRQHandler                        0x0800011b   Thumb Code     0  startup_stm32f103xb.o(.text)
    TIM1_BRK_IRQHandler                      0x0800011b   Thumb Code     0  startup_stm32f103xb.o(.text)
    TIM1_CC_IRQHandler                       0x0800011b   Thumb Code     0  startup_stm32f103xb.o(.text)
    TIM1_TRG_COM_IRQHandler                  0x0800011b   Thumb Code     0  startup_stm32f103xb.o(.text)
    TIM1_UP_IRQHandler                       0x0800011b   Thumb Code     0  startup_stm32f103xb.o(.text)
    TIM3_IRQHandler                          0x0800011b   Thumb Code     0  startup_stm32f103xb.o(.text)
    TIM4_IRQHandler                          0x0800011b   Thumb Code     0  startup_stm32f103xb.o(.text)
    USART2_IRQHandler                        0x0800011b   Thumb Code     0  startup_stm32f103xb.o(.text)
    USART3_IRQHandler                        0x0800011b   Thumb Code     0  startup_stm32f103xb.o(.text)
    USBWakeUp_IRQHandler                     0x0800011b   Thumb Code     0  startup_stm32f103xb.o(.text)
    USB_HP_CAN1_TX_IRQHandler                0x0800011b   Thumb Code     0  startup_stm32f103xb.o(.text)
    USB_LP_CAN1_RX0_IRQHandler               0x0800011b   Thumb Code     0  startup_stm32f103xb.o(.text)
    WWDG_IRQHandler                          0x0800011b   Thumb Code     0  startup_stm32f103xb.o(.text)
    __aeabi_llsr                             0x08000125   Thumb Code    32  llushr.o(.text)
    _ll_ushift_r                             0x08000125   Thumb Code     0  llushr.o(.text)
    rand                                     0x08000145   Thumb Code    20  rand.o(.text)
    srand                                    0x08000159   Thumb Code     6  rand.o(.text)
    __aeabi_memset                           0x08000169   Thumb Code    14  memseta.o(.text)
    __aeabi_memset4                          0x08000169   Thumb Code     0  memseta.o(.text)
    __aeabi_memset8                          0x08000169   Thumb Code     0  memseta.o(.text)
    __aeabi_memclr                           0x08000177   Thumb Code     4  memseta.o(.text)
    __aeabi_memclr4                          0x08000177   Thumb Code     0  memseta.o(.text)
    __aeabi_memclr8                          0x08000177   Thumb Code     0  memseta.o(.text)
    _memset$wrapper                          0x0800017b   Thumb Code    18  memseta.o(.text)
    __aeabi_fadd                             0x0800018d   Thumb Code   164  fadd.o(.text)
    __aeabi_fsub                             0x08000231   Thumb Code     6  fadd.o(.text)
    __aeabi_frsub                            0x08000237   Thumb Code     6  fadd.o(.text)
    __aeabi_fmul                             0x0800023d   Thumb Code   100  fmul.o(.text)
    __aeabi_dadd                             0x080002a1   Thumb Code   322  dadd.o(.text)
    __aeabi_dsub                             0x080003e3   Thumb Code     6  dadd.o(.text)
    __aeabi_drsub                            0x080003e9   Thumb Code     6  dadd.o(.text)
    __aeabi_dmul                             0x080003ef   Thumb Code   228  dmul.o(.text)
    __aeabi_ddiv                             0x080004d3   Thumb Code   222  ddiv.o(.text)
    __ARM_scalbn                             0x080005b1   Thumb Code    46  dscalb.o(.text)
    scalbn                                   0x080005b1   Thumb Code     0  dscalb.o(.text)
    __aeabi_i2f                              0x080005df   Thumb Code    18  fflti.o(.text)
    __aeabi_ui2d                             0x080005f1   Thumb Code    26  dfltui.o(.text)
    __aeabi_d2iz                             0x0800060b   Thumb Code    62  dfixi.o(.text)
    __aeabi_f2d                              0x08000649   Thumb Code    38  f2d.o(.text)
    __aeabi_d2f                              0x0800066f   Thumb Code    56  d2f.o(.text)
    __aeabi_llsl                             0x080006a7   Thumb Code    30  llshl.o(.text)
    _ll_shift_l                              0x080006a7   Thumb Code     0  llshl.o(.text)
    __aeabi_lasr                             0x080006c5   Thumb Code    36  llsshr.o(.text)
    _ll_sshift_r                             0x080006c5   Thumb Code     0  llsshr.o(.text)
    __I$use$fp                               0x080006e9   Thumb Code     0  iusefp.o(.text)
    _float_round                             0x080006e9   Thumb Code    18  fepilogue.o(.text)
    _float_epilogue                          0x080006fb   Thumb Code    92  fepilogue.o(.text)
    _double_round                            0x08000757   Thumb Code    30  depilogue.o(.text)
    _double_epilogue                         0x08000775   Thumb Code   156  depilogue.o(.text)
    _dsqrt                                   0x08000811   Thumb Code   162  dsqrt.o(.text)
    __scatterload                            0x080008b5   Thumb Code    28  init.o(.text)
    __scatterload_rt2                        0x080008b5   Thumb Code     0  init.o(.text)
    ADXL345_Get_Angle                        0x080008d9   Thumb Code   212  adxl345.o(i.ADXL345_Get_Angle)
    ADXL345_Init                             0x080009b9   Thumb Code    72  adxl345.o(i.ADXL345_Init)
    ADXL345_RD_Reg                           0x08000a01   Thumb Code    58  adxl345.o(i.ADXL345_RD_Reg)
    ADXL345_RD_XYZ                           0x08000a3d   Thumb Code    94  adxl345.o(i.ADXL345_RD_XYZ)
    ADXL345_Read_Angle                       0x08000aa1   Thumb Code   224  adxl345.o(i.ADXL345_Read_Angle)
    ADXL345_Read_Average                     0x08000b89   Thumb Code   118  adxl345.o(i.ADXL345_Read_Average)
    ADXL345_WR_Reg                           0x08000bff   Thumb Code    48  adxl345.o(i.ADXL345_WR_Reg)
    BCD2ASC_H                                0x08000c31   Thumb Code     8  ds3231.o(i.BCD2ASC_H)
    BCD2ASC_L                                0x08000c3d   Thumb Code    10  ds3231.o(i.BCD2ASC_L)
    B_BCD                                    0x08000c4d   Thumb Code    22  ds3231.o(i.B_BCD)
    BusFault_Handler                         0x08000c63   Thumb Code     2  stm32f1xx_it.o(i.BusFault_Handler)
    DS3231_Init                              0x08000c65   Thumb Code    38  ds3231.o(i.DS3231_Init)
    DS3231_Set                               0x08000c8b   Thumb Code   116  ds3231.o(i.DS3231_Set)
    DebugMon_Handler                         0x08000cff   Thumb Code     2  stm32f1xx_it.o(i.DebugMon_Handler)
    HAL_DMA_Abort_IT                         0x08000d01   Thumb Code   148  stm32f1xx_hal_dma.o(i.HAL_DMA_Abort_IT)
    HAL_Delay                                0x08000d99   Thumb Code    32  stm32f1xx_hal.o(i.HAL_Delay)
    HAL_GPIO_Init                            0x08000dbd   Thumb Code   426  stm32f1xx_hal_gpio.o(i.HAL_GPIO_Init)
    HAL_GPIO_ReadPin                         0x08000f89   Thumb Code    10  stm32f1xx_hal_gpio.o(i.HAL_GPIO_ReadPin)
    HAL_GPIO_WritePin                        0x08000f93   Thumb Code    10  stm32f1xx_hal_gpio.o(i.HAL_GPIO_WritePin)
    HAL_GetTick                              0x08000f9d   Thumb Code     6  stm32f1xx_hal.o(i.HAL_GetTick)
    HAL_IncTick                              0x08000fa9   Thumb Code    12  stm32f1xx_hal.o(i.HAL_IncTick)
    HAL_Init                                 0x08000fb9   Thumb Code    32  stm32f1xx_hal.o(i.HAL_Init)
    HAL_InitTick                             0x08000fdd   Thumb Code    54  stm32f1xx_hal.o(i.HAL_InitTick)
    HAL_MspInit                              0x0800101d   Thumb Code    52  stm32f1xx_hal_msp.o(i.HAL_MspInit)
    HAL_NVIC_EnableIRQ                       0x08001059   Thumb Code    26  stm32f1xx_hal_cortex.o(i.HAL_NVIC_EnableIRQ)
    HAL_NVIC_SetPriority                     0x08001075   Thumb Code    60  stm32f1xx_hal_cortex.o(i.HAL_NVIC_SetPriority)
    HAL_NVIC_SetPriorityGrouping             0x080010b5   Thumb Code    26  stm32f1xx_hal_cortex.o(i.HAL_NVIC_SetPriorityGrouping)
    HAL_PWR_EnterSLEEPMode                   0x080010d9   Thumb Code    26  stm32f1xx_hal_pwr.o(i.HAL_PWR_EnterSLEEPMode)
    HAL_RCC_ClockConfig                      0x080010f9   Thumb Code   292  stm32f1xx_hal_rcc.o(i.HAL_RCC_ClockConfig)
    HAL_RCC_GetPCLK1Freq                     0x08001231   Thumb Code    20  stm32f1xx_hal_rcc.o(i.HAL_RCC_GetPCLK1Freq)
    HAL_RCC_GetPCLK2Freq                     0x08001251   Thumb Code    20  stm32f1xx_hal_rcc.o(i.HAL_RCC_GetPCLK2Freq)
    HAL_RCC_GetSysClockFreq                  0x08001271   Thumb Code    74  stm32f1xx_hal_rcc.o(i.HAL_RCC_GetSysClockFreq)
    HAL_RCC_OscConfig                        0x080012dd   Thumb Code   770  stm32f1xx_hal_rcc.o(i.HAL_RCC_OscConfig)
    HAL_ResumeTick                           0x080015f5   Thumb Code    14  stm32f1xx_hal.o(i.HAL_ResumeTick)
    HAL_SYSTICK_Config                       0x08001603   Thumb Code    40  stm32f1xx_hal_cortex.o(i.HAL_SYSTICK_Config)
    HAL_SuspendTick                          0x0800162b   Thumb Code    14  stm32f1xx_hal.o(i.HAL_SuspendTick)
    HAL_TIMEx_BreakCallback                  0x08001639   Thumb Code     2  stm32f1xx_hal_tim_ex.o(i.HAL_TIMEx_BreakCallback)
    HAL_TIMEx_CommutCallback                 0x0800163b   Thumb Code     2  stm32f1xx_hal_tim_ex.o(i.HAL_TIMEx_CommutCallback)
    HAL_TIMEx_MasterConfigSynchronization    0x0800163d   Thumb Code    66  stm32f1xx_hal_tim_ex.o(i.HAL_TIMEx_MasterConfigSynchronization)
    HAL_TIM_Base_Init                        0x0800167f   Thumb Code    54  stm32f1xx_hal_tim.o(i.HAL_TIM_Base_Init)
    HAL_TIM_Base_MspInit                     0x080016b5   Thumb Code    50  stm32f1xx_hal_msp.o(i.HAL_TIM_Base_MspInit)
    HAL_TIM_Base_Start_IT                    0x080016ed   Thumb Code    34  stm32f1xx_hal_tim.o(i.HAL_TIM_Base_Start_IT)
    HAL_TIM_ConfigClockSource                0x0800170f   Thumb Code   214  stm32f1xx_hal_tim.o(i.HAL_TIM_ConfigClockSource)
    HAL_TIM_IC_CaptureCallback               0x080017e5   Thumb Code     2  stm32f1xx_hal_tim.o(i.HAL_TIM_IC_CaptureCallback)
    HAL_TIM_IRQHandler                       0x080017e7   Thumb Code   358  stm32f1xx_hal_tim.o(i.HAL_TIM_IRQHandler)
    HAL_TIM_OC_DelayElapsedCallback          0x0800194d   Thumb Code     2  stm32f1xx_hal_tim.o(i.HAL_TIM_OC_DelayElapsedCallback)
    HAL_TIM_PWM_PulseFinishedCallback        0x0800194f   Thumb Code     2  stm32f1xx_hal_tim.o(i.HAL_TIM_PWM_PulseFinishedCallback)
    HAL_TIM_PeriodElapsedCallback            0x08001951   Thumb Code    84  main.o(i.HAL_TIM_PeriodElapsedCallback)
    HAL_TIM_TriggerCallback                  0x080019ad   Thumb Code     2  stm32f1xx_hal_tim.o(i.HAL_TIM_TriggerCallback)
    HAL_UART_ErrorCallback                   0x080019af   Thumb Code     2  stm32f1xx_hal_uart.o(i.HAL_UART_ErrorCallback)
    HAL_UART_IRQHandler                      0x080019b1   Thumb Code   266  stm32f1xx_hal_uart.o(i.HAL_UART_IRQHandler)
    HAL_UART_Init                            0x08001ac1   Thumb Code    98  stm32f1xx_hal_uart.o(i.HAL_UART_Init)
    HAL_UART_MspInit                         0x08001b25   Thumb Code   116  stm32f1xx_hal_msp.o(i.HAL_UART_MspInit)
    HAL_UART_Receive_IT                      0x08001ba5   Thumb Code    82  stm32f1xx_hal_uart.o(i.HAL_UART_Receive_IT)
    HAL_UART_RxCpltCallback                  0x08001bf7   Thumb Code     2  main.o(i.HAL_UART_RxCpltCallback)
    HAL_UART_TxCpltCallback                  0x08001bf9   Thumb Code     2  stm32f1xx_hal_uart.o(i.HAL_UART_TxCpltCallback)
    HPDL1414_show                            0x08001bfd   Thumb Code   336  hpdl1414.o(i.HPDL1414_show)
    HardFault_Handler                        0x08001d51   Thumb Code     2  stm32f1xx_it.o(i.HardFault_Handler)
    I2cByteRead                              0x08001d53   Thumb Code    76  ds3231.o(i.I2cByteRead)
    I2cByteWrite                             0x08001d9f   Thumb Code    78  ds3231.o(i.I2cByteWrite)
    IIC2_Ack                                 0x08001ded   Thumb Code    60  myiic.o(i.IIC2_Ack)
    IIC2_Init                                0x08001e2d   Thumb Code    10  myiic.o(i.IIC2_Init)
    IIC2_NAck                                0x08001e3d   Thumb Code    60  myiic.o(i.IIC2_NAck)
    IIC2_Read_Byte                           0x08001e7d   Thumb Code    94  myiic.o(i.IIC2_Read_Byte)
    IIC2_Send_Byte                           0x08001ee1   Thumb Code   106  myiic.o(i.IIC2_Send_Byte)
    IIC2_Start                               0x08001f51   Thumb Code    72  myiic.o(i.IIC2_Start)
    IIC2_Stop                                0x08001f9d   Thumb Code    66  myiic.o(i.IIC2_Stop)
    IIC2_Wait_Ack                            0x08001fe5   Thumb Code    66  myiic.o(i.IIC2_Wait_Ack)
    IIC3_Ack                                 0x0800202d   Thumb Code    62  myiic.o(i.IIC3_Ack)
    IIC3_Init                                0x08002075   Thumb Code    26  myiic.o(i.IIC3_Init)
    IIC3_NAck                                0x08002099   Thumb Code    60  myiic.o(i.IIC3_NAck)
    IIC3_Read_Byte                           0x080020dd   Thumb Code   102  myiic.o(i.IIC3_Read_Byte)
    IIC3_Send_Byte                           0x0800214d   Thumb Code   116  myiic.o(i.IIC3_Send_Byte)
    IIC3_Start                               0x080021c9   Thumb Code    76  myiic.o(i.IIC3_Start)
    IIC3_Stop                                0x0800221d   Thumb Code    70  myiic.o(i.IIC3_Stop)
    IIC3_Wait_Ack                            0x0800226d   Thumb Code    76  myiic.o(i.IIC3_Wait_Ack)
    IIC_Ack                                  0x080022c1   Thumb Code    60  myiic.o(i.IIC_Ack)
    IIC_Init                                 0x08002301   Thumb Code    10  myiic.o(i.IIC_Init)
    IIC_NAck                                 0x08002311   Thumb Code    60  myiic.o(i.IIC_NAck)
    IIC_Read_Byte                            0x08002351   Thumb Code    94  myiic.o(i.IIC_Read_Byte)
    IIC_Send_Byte                            0x080023b5   Thumb Code   106  myiic.o(i.IIC_Send_Byte)
    IIC_Start                                0x08002425   Thumb Code    72  myiic.o(i.IIC_Start)
    IIC_Stop                                 0x08002471   Thumb Code    50  myiic.o(i.IIC_Stop)
    IIC_Wait_Ack                             0x080024a9   Thumb Code    66  myiic.o(i.IIC_Wait_Ack)
    MemManage_Handler                        0x08002649   Thumb Code     2  stm32f1xx_it.o(i.MemManage_Handler)
    NMI_Handler                              0x0800264b   Thumb Code     2  stm32f1xx_it.o(i.NMI_Handler)
    PendSV_Handler                           0x0800264d   Thumb Code     2  stm32f1xx_it.o(i.PendSV_Handler)
    SI7020_Init                              0x0800264f   Thumb Code     4  si7020.o(i.SI7020_Init)
    SI7020_ReadOneByte                       0x08002653   Thumb Code    94  si7020.o(i.SI7020_ReadOneByte)
    SI7020_Read_Humidity                     0x080026b1   Thumb Code    52  si7020.o(i.SI7020_Read_Humidity)
    SI7020_Read_Temperture                   0x080026f1   Thumb Code    56  si7020.o(i.SI7020_Read_Temperture)
    SVC_Handler                              0x08002735   Thumb Code     2  stm32f1xx_it.o(i.SVC_Handler)
    SleepMode_Measure                        0x08002737   Thumb Code    28  main.o(i.SleepMode_Measure)
    SysTick_Handler                          0x08002753   Thumb Code     4  stm32f1xx_it.o(i.SysTick_Handler)
    SystemClock_Config                       0x08002757   Thumb Code    66  main.o(i.SystemClock_Config)
    SystemInit                               0x08002799   Thumb Code    56  system_stm32f1xx.o(i.SystemInit)
    TIM2_IRQHandler                          0x080027e1   Thumb Code     6  stm32f1xx_it.o(i.TIM2_IRQHandler)
    TIM_Base_SetConfig                       0x080027ed   Thumb Code    94  stm32f1xx_hal_tim.o(i.TIM_Base_SetConfig)
    TIM_ETR_SetConfig                        0x08002859   Thumb Code    20  stm32f1xx_hal_tim.o(i.TIM_ETR_SetConfig)
    USART1_IRQHandler                        0x08002aa1   Thumb Code     6  stm32f1xx_it.o(i.USART1_IRQHandler)
    UsageFault_Handler                       0x08002aad   Thumb Code     2  stm32f1xx_it.o(i.UsageFault_Handler)
    __ARM_fpclassify                         0x08002aaf   Thumb Code    40  fpclassify.o(i.__ARM_fpclassify)
    __kernel_poly                            0x08002af7   Thumb Code   170  poly.o(i.__kernel_poly)
    __mathlib_dbl_infnan                     0x08002ba1   Thumb Code     6  dunder.o(i.__mathlib_dbl_infnan)
    __mathlib_dbl_underflow                  0x08002ba9   Thumb Code    10  dunder.o(i.__mathlib_dbl_underflow)
    __scatterload_copy                       0x08002bb9   Thumb Code    14  handlers.o(i.__scatterload_copy)
    __scatterload_null                       0x08002bc7   Thumb Code     2  handlers.o(i.__scatterload_null)
    __scatterload_zeroinit                   0x08002bc9   Thumb Code    14  handlers.o(i.__scatterload_zeroinit)
    __set_errno                              0x08002bd9   Thumb Code     6  errno.o(i.__set_errno)
    atan                                     0x08002be5   Thumb Code   474  atan.o(i.atan)
    delay_ms                                 0x08002e05   Thumb Code    16  delay.o(i.delay_ms)
    delay_us                                 0x08002e15   Thumb Code    20  delay.o(i.delay_us)
    get_show_time                            0x08002e29   Thumb Code    66  ds3231.o(i.get_show_time)
    getzero                                  0x08002e71   Thumb Code    96  main.o(i.getzero)
    hextoascii                               0x08002edd   Thumb Code    52  main.o(i.hextoascii)
    init_all                                 0x08002f11   Thumb Code   356  main.o(i.init_all)
    main                                     0x08003085   Thumb Code   716  main.o(i.main)
    random                                   0x08003369   Thumb Code    20  main.o(i.random)
    showHumidity                             0x0800337d   Thumb Code    82  main.o(i.showHumidity)
    showTemperture                           0x080033d5   Thumb Code    68  main.o(i.showTemperture)
    showdata                                 0x08003421   Thumb Code    70  main.o(i.showdata)
    showfrist                                0x08003471   Thumb Code   120  main.o(i.showfrist)
    showsteps                                0x080034f1   Thumb Code   130  main.o(i.showsteps)
    showtime                                 0x08003579   Thumb Code    80  main.o(i.showtime)
    showweek                                 0x080035d1   Thumb Code   116  main.o(i.showweek)
    sqrt                                     0x0800364d   Thumb Code    76  sqrt.o(i.sqrt)
    weakupshow                               0x08003699   Thumb Code   302  main.o(i.weakupshow)
    write_1414                               0x080037d9   Thumb Code   226  hpdl1414.o(i.write_1414)
    AHBPrescTable                            0x080038c4   Data          16  system_stm32f1xx.o(.constdata)
    APBPrescTable                            0x080038d4   Data           8  system_stm32f1xx.o(.constdata)
    Region$$Table$$Base                      0x08003978   Number         0  anon$$obj.o(Region$$Table)
    Region$$Table$$Limit                     0x08003998   Number         0  anon$$obj.o(Region$$Table)
    calendar                                 0x20000000   Data           7  ds3231.o(.data)
    Temperture                               0x20000018   Data           2  main.o(.data)
    Temperture1                              0x2000001a   Data           2  main.o(.data)
    Humidity                                 0x2000001c   Data           2  main.o(.data)
    Humidity1                                0x2000001e   Data           2  main.o(.data)
    daytemp                                  0x20000020   Data           4  main.o(.data)
    timenum                                  0x20000024   Data           4  main.o(.data)
    stepsnum                                 0x20000028   Data           4  main.o(.data)
    buletoothnum                             0x2000002c   Data           4  main.o(.data)
    Angle                                    0x20000030   Data           6  main.o(.data)
    word1                                    0x20000036   Data           8  main.o(.data)
    flag                                     0x2000003e   Data           8  main.o(.data)
    x                                        0x20000046   Data           2  adxl345.o(.data)
    y                                        0x20000048   Data           2  adxl345.o(.data)
    z                                        0x2000004a   Data           2  adxl345.o(.data)
    angx                                     0x2000004c   Data           2  adxl345.o(.data)
    angy                                     0x2000004e   Data           2  adxl345.o(.data)
    angz                                     0x20000050   Data           2  adxl345.o(.data)
    actual_X                                 0x20000052   Data           2  adxl345.o(.data)
    actual_Y                                 0x20000054   Data           2  adxl345.o(.data)
    actual_Z                                 0x20000056   Data           2  adxl345.o(.data)
    JDbuf                                    0x20000058   Data           6  adxl345.o(.data)
    uwTickFreq                               0x20000060   Data           1  stm32f1xx_hal.o(.data)
    uwTickPrio                               0x20000064   Data           4  stm32f1xx_hal.o(.data)
    uwTick                                   0x20000068   Data           4  stm32f1xx_hal.o(.data)
    SystemCoreClock                          0x2000006c   Data           4  system_stm32f1xx.o(.data)
    htim2                                    0x20000078   Data          64  main.o(.bss)
    huart1                                   0x200000b8   Data          64  main.o(.bss)
    blueRxBuffer                             0x200000f8   Data          20  main.o(.bss)
    __initial_sp                             0x20000510   Data           0  startup_stm32f103xb.o(STACK)



==============================================================================

Memory Map of the image

  Image Entry point : 0x080000ed

  Load Region LR_IROM1 (Base: 0x08000000, Size: 0x00003a10, Max: 0x00020000, ABSOLUTE)

    Execution Region ER_IROM1 (Base: 0x08000000, Size: 0x00003998, Max: 0x00020000, ABSOLUTE)

    Base Addr    Size         Type   Attr      Idx    E Section Name        Object

    0x08000000   0x000000ec   Data   RO            3    RESET               startup_stm32f103xb.o
    0x080000ec   0x00000000   Code   RO         3127  * .ARM.Collect$$$$00000000  mc_w.l(entry.o)
    0x080000ec   0x00000004   Code   RO         3177    .ARM.Collect$$$$00000001  mc_w.l(entry2.o)
    0x080000f0   0x00000004   Code   RO         3180    .ARM.Collect$$$$00000004  mc_w.l(entry5.o)
    0x080000f4   0x00000000   Code   RO         3182    .ARM.Collect$$$$00000008  mc_w.l(entry7b.o)
    0x080000f4   0x00000000   Code   RO         3184    .ARM.Collect$$$$0000000A  mc_w.l(entry8b.o)
    0x080000f4   0x00000008   Code   RO         3185    .ARM.Collect$$$$0000000B  mc_w.l(entry9a.o)
    0x080000fc   0x00000000   Code   RO         3187    .ARM.Collect$$$$0000000D  mc_w.l(entry10a.o)
    0x080000fc   0x00000000   Code   RO         3189    .ARM.Collect$$$$0000000F  mc_w.l(entry11a.o)
    0x080000fc   0x00000004   Code   RO         3178    .ARM.Collect$$$$00002712  mc_w.l(entry2.o)
    0x08000100   0x00000024   Code   RO            4    .text               startup_stm32f103xb.o
    0x08000124   0x00000020   Code   RO         3130    .text               mc_w.l(llushr.o)
    0x08000144   0x00000024   Code   RO         3132    .text               mc_w.l(rand.o)
    0x08000168   0x00000024   Code   RO         3135    .text               mc_w.l(memseta.o)
    0x0800018c   0x000000b0   Code   RO         3137    .text               mf_w.l(fadd.o)
    0x0800023c   0x00000064   Code   RO         3139    .text               mf_w.l(fmul.o)
    0x080002a0   0x0000014e   Code   RO         3141    .text               mf_w.l(dadd.o)
    0x080003ee   0x000000e4   Code   RO         3143    .text               mf_w.l(dmul.o)
    0x080004d2   0x000000de   Code   RO         3145    .text               mf_w.l(ddiv.o)
    0x080005b0   0x0000002e   Code   RO         3147    .text               mf_w.l(dscalb.o)
    0x080005de   0x00000012   Code   RO         3149    .text               mf_w.l(fflti.o)
    0x080005f0   0x0000001a   Code   RO         3151    .text               mf_w.l(dfltui.o)
    0x0800060a   0x0000003e   Code   RO         3153    .text               mf_w.l(dfixi.o)
    0x08000648   0x00000026   Code   RO         3155    .text               mf_w.l(f2d.o)
    0x0800066e   0x00000038   Code   RO         3157    .text               mf_w.l(d2f.o)
    0x080006a6   0x0000001e   Code   RO         3191    .text               mc_w.l(llshl.o)
    0x080006c4   0x00000024   Code   RO         3193    .text               mc_w.l(llsshr.o)
    0x080006e8   0x00000000   Code   RO         3202    .text               mc_w.l(iusefp.o)
    0x080006e8   0x0000006e   Code   RO         3203    .text               mf_w.l(fepilogue.o)
    0x08000756   0x000000ba   Code   RO         3205    .text               mf_w.l(depilogue.o)
    0x08000810   0x000000a2   Code   RO         3207    .text               mf_w.l(dsqrt.o)
    0x080008b2   0x00000002   PAD
    0x080008b4   0x00000024   Code   RO         3211    .text               mc_w.l(init.o)
    0x080008d8   0x000000e0   Code   RO          803    i.ADXL345_Get_Angle  adxl345.o
    0x080009b8   0x00000048   Code   RO          804    i.ADXL345_Init      adxl345.o
    0x08000a00   0x0000003a   Code   RO          806    i.ADXL345_RD_Reg    adxl345.o
    0x08000a3a   0x00000002   PAD
    0x08000a3c   0x00000064   Code   RO          807    i.ADXL345_RD_XYZ    adxl345.o
    0x08000aa0   0x000000e8   Code   RO          808    i.ADXL345_Read_Angle  adxl345.o
    0x08000b88   0x00000076   Code   RO          809    i.ADXL345_Read_Average  adxl345.o
    0x08000bfe   0x00000030   Code   RO          810    i.ADXL345_WR_Reg    adxl345.o
    0x08000c2e   0x00000002   PAD
    0x08000c30   0x0000000c   Code   RO          131    i.BCD2ASC_H         ds3231.o
    0x08000c3c   0x00000010   Code   RO          132    i.BCD2ASC_L         ds3231.o
    0x08000c4c   0x00000016   Code   RO          134    i.B_BCD             ds3231.o
    0x08000c62   0x00000002   Code   RO          666    i.BusFault_Handler  stm32f1xx_it.o
    0x08000c64   0x00000026   Code   RO          136    i.DS3231_Init       ds3231.o
    0x08000c8a   0x00000074   Code   RO          137    i.DS3231_Set        ds3231.o
    0x08000cfe   0x00000002   Code   RO          667    i.DebugMon_Handler  stm32f1xx_it.o
    0x08000d00   0x00000098   Code   RO         2551    i.HAL_DMA_Abort_IT  stm32f1xx_hal_dma.o
    0x08000d98   0x00000024   Code   RO         2178    i.HAL_Delay         stm32f1xx_hal.o
    0x08000dbc   0x000001cc   Code   RO         2486    i.HAL_GPIO_Init     stm32f1xx_hal_gpio.o
    0x08000f88   0x0000000a   Code   RO         2488    i.HAL_GPIO_ReadPin  stm32f1xx_hal_gpio.o
    0x08000f92   0x0000000a   Code   RO         2490    i.HAL_GPIO_WritePin  stm32f1xx_hal_gpio.o
    0x08000f9c   0x0000000c   Code   RO         2182    i.HAL_GetTick       stm32f1xx_hal.o
    0x08000fa8   0x00000010   Code   RO         2188    i.HAL_IncTick       stm32f1xx_hal.o
    0x08000fb8   0x00000024   Code   RO         2189    i.HAL_Init          stm32f1xx_hal.o
    0x08000fdc   0x00000040   Code   RO         2190    i.HAL_InitTick      stm32f1xx_hal.o
    0x0800101c   0x0000003c   Code   RO          754    i.HAL_MspInit       stm32f1xx_hal_msp.o
    0x08001058   0x0000001a   Code   RO         2646    i.HAL_NVIC_EnableIRQ  stm32f1xx_hal_cortex.o
    0x08001072   0x00000002   PAD
    0x08001074   0x00000040   Code   RO         2652    i.HAL_NVIC_SetPriority  stm32f1xx_hal_cortex.o
    0x080010b4   0x00000024   Code   RO         2653    i.HAL_NVIC_SetPriorityGrouping  stm32f1xx_hal_cortex.o
    0x080010d8   0x00000020   Code   RO         2773    i.HAL_PWR_EnterSLEEPMode  stm32f1xx_hal_pwr.o
    0x080010f8   0x00000138   Code   RO         2346    i.HAL_RCC_ClockConfig  stm32f1xx_hal_rcc.o
    0x08001230   0x00000020   Code   RO         2353    i.HAL_RCC_GetPCLK1Freq  stm32f1xx_hal_rcc.o
    0x08001250   0x00000020   Code   RO         2354    i.HAL_RCC_GetPCLK2Freq  stm32f1xx_hal_rcc.o
    0x08001270   0x0000006c   Code   RO         2355    i.HAL_RCC_GetSysClockFreq  stm32f1xx_hal_rcc.o
    0x080012dc   0x00000318   Code   RO         2358    i.HAL_RCC_OscConfig  stm32f1xx_hal_rcc.o
    0x080015f4   0x0000000e   Code   RO         2193    i.HAL_ResumeTick    stm32f1xx_hal.o
    0x08001602   0x00000028   Code   RO         2657    i.HAL_SYSTICK_Config  stm32f1xx_hal_cortex.o
    0x0800162a   0x0000000e   Code   RO         2195    i.HAL_SuspendTick   stm32f1xx_hal.o
    0x08001638   0x00000002   Code   RO         1594    i.HAL_TIMEx_BreakCallback  stm32f1xx_hal_tim_ex.o
    0x0800163a   0x00000002   Code   RO         1595    i.HAL_TIMEx_CommutCallback  stm32f1xx_hal_tim_ex.o
    0x0800163c   0x00000042   Code   RO         1612    i.HAL_TIMEx_MasterConfigSynchronization  stm32f1xx_hal_tim_ex.o
    0x0800167e   0x00000036   Code   RO          919    i.HAL_TIM_Base_Init  stm32f1xx_hal_tim.o
    0x080016b4   0x00000038   Code   RO          756    i.HAL_TIM_Base_MspInit  stm32f1xx_hal_msp.o
    0x080016ec   0x00000022   Code   RO          924    i.HAL_TIM_Base_Start_IT  stm32f1xx_hal_tim.o
    0x0800170e   0x000000d6   Code   RO          928    i.HAL_TIM_ConfigClockSource  stm32f1xx_hal_tim.o
    0x080017e4   0x00000002   Code   RO          948    i.HAL_TIM_IC_CaptureCallback  stm32f1xx_hal_tim.o
    0x080017e6   0x00000166   Code   RO          962    i.HAL_TIM_IRQHandler  stm32f1xx_hal_tim.o
    0x0800194c   0x00000002   Code   RO          965    i.HAL_TIM_OC_DelayElapsedCallback  stm32f1xx_hal_tim.o
    0x0800194e   0x00000002   Code   RO          992    i.HAL_TIM_PWM_PulseFinishedCallback  stm32f1xx_hal_tim.o
    0x08001950   0x0000005c   Code   RO          467    i.HAL_TIM_PeriodElapsedCallback  main.o
    0x080019ac   0x00000002   Code   RO         1005    i.HAL_TIM_TriggerCallback  stm32f1xx_hal_tim.o
    0x080019ae   0x00000002   Code   RO         1866    i.HAL_UART_ErrorCallback  stm32f1xx_hal_uart.o
    0x080019b0   0x00000110   Code   RO         1869    i.HAL_UART_IRQHandler  stm32f1xx_hal_uart.o
    0x08001ac0   0x00000062   Code   RO         1870    i.HAL_UART_Init     stm32f1xx_hal_uart.o
    0x08001b22   0x00000002   PAD
    0x08001b24   0x00000080   Code   RO          758    i.HAL_UART_MspInit  stm32f1xx_hal_msp.o
    0x08001ba4   0x00000052   Code   RO         1875    i.HAL_UART_Receive_IT  stm32f1xx_hal_uart.o
    0x08001bf6   0x00000002   Code   RO          468    i.HAL_UART_RxCpltCallback  main.o
    0x08001bf8   0x00000002   Code   RO         1881    i.HAL_UART_TxCpltCallback  stm32f1xx_hal_uart.o
    0x08001bfa   0x00000002   PAD
    0x08001bfc   0x00000154   Code   RO          222    i.HPDL1414_show     hpdl1414.o
    0x08001d50   0x00000002   Code   RO          668    i.HardFault_Handler  stm32f1xx_it.o
    0x08001d52   0x0000004c   Code   RO          138    i.I2cByteRead       ds3231.o
    0x08001d9e   0x0000004e   Code   RO          139    i.I2cByteWrite      ds3231.o
    0x08001dec   0x00000040   Code   RO          252    i.IIC2_Ack          myiic.o
    0x08001e2c   0x00000010   Code   RO          253    i.IIC2_Init         myiic.o
    0x08001e3c   0x00000040   Code   RO          254    i.IIC2_NAck         myiic.o
    0x08001e7c   0x00000064   Code   RO          255    i.IIC2_Read_Byte    myiic.o
    0x08001ee0   0x00000070   Code   RO          256    i.IIC2_Send_Byte    myiic.o
    0x08001f50   0x0000004c   Code   RO          257    i.IIC2_Start        myiic.o
    0x08001f9c   0x00000048   Code   RO          258    i.IIC2_Stop         myiic.o
    0x08001fe4   0x00000048   Code   RO          259    i.IIC2_Wait_Ack     myiic.o
    0x0800202c   0x00000048   Code   RO          260    i.IIC3_Ack          myiic.o
    0x08002074   0x00000024   Code   RO          261    i.IIC3_Init         myiic.o
    0x08002098   0x00000044   Code   RO          262    i.IIC3_NAck         myiic.o
    0x080020dc   0x00000070   Code   RO          263    i.IIC3_Read_Byte    myiic.o
    0x0800214c   0x0000007c   Code   RO          264    i.IIC3_Send_Byte    myiic.o
    0x080021c8   0x00000054   Code   RO          265    i.IIC3_Start        myiic.o
    0x0800221c   0x00000050   Code   RO          266    i.IIC3_Stop         myiic.o
    0x0800226c   0x00000054   Code   RO          267    i.IIC3_Wait_Ack     myiic.o
    0x080022c0   0x00000040   Code   RO          268    i.IIC_Ack           myiic.o
    0x08002300   0x00000010   Code   RO          269    i.IIC_Init          myiic.o
    0x08002310   0x00000040   Code   RO          270    i.IIC_NAck          myiic.o
    0x08002350   0x00000064   Code   RO          271    i.IIC_Read_Byte     myiic.o
    0x080023b4   0x00000070   Code   RO          272    i.IIC_Send_Byte     myiic.o
    0x08002424   0x0000004c   Code   RO          273    i.IIC_Start         myiic.o
    0x08002470   0x00000038   Code   RO          274    i.IIC_Stop          myiic.o
    0x080024a8   0x00000048   Code   RO          275    i.IIC_Wait_Ack      myiic.o
    0x080024f0   0x000000e0   Code   RO          470    i.MX_GPIO_Init      main.o
    0x080025d0   0x00000050   Code   RO          471    i.MX_TIM2_Init      main.o
    0x08002620   0x00000028   Code   RO          472    i.MX_USART1_UART_Init  main.o
    0x08002648   0x00000002   Code   RO          669    i.MemManage_Handler  stm32f1xx_it.o
    0x0800264a   0x00000002   Code   RO          670    i.NMI_Handler       stm32f1xx_it.o
    0x0800264c   0x00000002   Code   RO          671    i.PendSV_Handler    stm32f1xx_it.o
    0x0800264e   0x00000004   Code   RO          414    i.SI7020_Init       si7020.o
    0x08002652   0x0000005e   Code   RO          415    i.SI7020_ReadOneByte  si7020.o
    0x080026b0   0x00000040   Code   RO          416    i.SI7020_Read_Humidity  si7020.o
    0x080026f0   0x00000044   Code   RO          417    i.SI7020_Read_Temperture  si7020.o
    0x08002734   0x00000002   Code   RO          672    i.SVC_Handler       stm32f1xx_it.o
    0x08002736   0x0000001c   Code   RO          474    i.SleepMode_Measure  main.o
    0x08002752   0x00000004   Code   RO          673    i.SysTick_Handler   stm32f1xx_it.o
    0x08002756   0x00000042   Code   RO          475    i.SystemClock_Config  main.o
    0x08002798   0x00000048   Code   RO         3075    i.SystemInit        system_stm32f1xx.o
    0x080027e0   0x0000000c   Code   RO          674    i.TIM2_IRQHandler   stm32f1xx_it.o
    0x080027ec   0x0000006c   Code   RO         1007    i.TIM_Base_SetConfig  stm32f1xx_hal_tim.o
    0x08002858   0x00000014   Code   RO         1018    i.TIM_ETR_SetConfig  stm32f1xx_hal_tim.o
    0x0800286c   0x00000010   Code   RO         1019    i.TIM_ITRx_SetConfig  stm32f1xx_hal_tim.o
    0x0800287c   0x00000022   Code   RO         1025    i.TIM_TI1_ConfigInputStage  stm32f1xx_hal_tim.o
    0x0800289e   0x00000024   Code   RO         1027    i.TIM_TI2_ConfigInputStage  stm32f1xx_hal_tim.o
    0x080028c2   0x00000010   Code   RO         1883    i.UART_DMAAbortOnError  stm32f1xx_hal_uart.o
    0x080028d2   0x0000001c   Code   RO         1893    i.UART_EndRxTransfer  stm32f1xx_hal_uart.o
    0x080028ee   0x00000096   Code   RO         1895    i.UART_Receive_IT   stm32f1xx_hal_uart.o
    0x08002984   0x000000b8   Code   RO         1896    i.UART_SetConfig    stm32f1xx_hal_uart.o
    0x08002a3c   0x00000062   Code   RO         1897    i.UART_Transmit_IT  stm32f1xx_hal_uart.o
    0x08002a9e   0x00000002   PAD
    0x08002aa0   0x0000000c   Code   RO          675    i.USART1_IRQHandler  stm32f1xx_it.o
    0x08002aac   0x00000002   Code   RO          676    i.UsageFault_Handler  stm32f1xx_it.o
    0x08002aae   0x00000028   Code   RO         3173    i.__ARM_fpclassify  m_ws.l(fpclassify.o)
    0x08002ad6   0x00000020   Code   RO         2659    i.__NVIC_SetPriority  stm32f1xx_hal_cortex.o
    0x08002af6   0x000000aa   Code   RO         3175    i.__kernel_poly     m_ws.l(poly.o)
    0x08002ba0   0x00000006   Code   RO         3160    i.__mathlib_dbl_infnan  m_ws.l(dunder.o)
    0x08002ba6   0x00000002   PAD
    0x08002ba8   0x00000010   Code   RO         3165    i.__mathlib_dbl_underflow  m_ws.l(dunder.o)
    0x08002bb8   0x0000000e   Code   RO         3215    i.__scatterload_copy  mc_w.l(handlers.o)
    0x08002bc6   0x00000002   Code   RO         3216    i.__scatterload_null  mc_w.l(handlers.o)
    0x08002bc8   0x0000000e   Code   RO         3217    i.__scatterload_zeroinit  mc_w.l(handlers.o)
    0x08002bd6   0x00000002   PAD
    0x08002bd8   0x0000000c   Code   RO         3197    i.__set_errno       mc_w.l(errno.o)
    0x08002be4   0x00000220   Code   RO         3110    i.atan              m_ws.l(atan.o)
    0x08002e04   0x00000010   Code   RO           13    i.delay_ms          delay.o
    0x08002e14   0x00000014   Code   RO           14    i.delay_us          delay.o
    0x08002e28   0x00000048   Code   RO          140    i.get_show_time     ds3231.o
    0x08002e70   0x0000006c   Code   RO          476    i.getzero           main.o
    0x08002edc   0x00000034   Code   RO          477    i.hextoascii        main.o
    0x08002f10   0x00000174   Code   RO          478    i.init_all          main.o
    0x08003084   0x000002e4   Code   RO          479    i.main              main.o
    0x08003368   0x00000014   Code   RO          480    i.random            main.o
    0x0800337c   0x00000058   Code   RO          481    i.showHumidity      main.o
    0x080033d4   0x0000004c   Code   RO          482    i.showTemperture    main.o
    0x08003420   0x00000050   Code   RO          483    i.showdata          main.o
    0x08003470   0x00000080   Code   RO          484    i.showfrist         main.o
    0x080034f0   0x00000088   Code   RO          485    i.showsteps         main.o
    0x08003578   0x00000058   Code   RO          486    i.showtime          main.o
    0x080035d0   0x0000007c   Code   RO          487    i.showweek          main.o
    0x0800364c   0x0000004c   Code   RO         3120    i.sqrt              m_ws.l(sqrt.o)
    0x08003698   0x00000140   Code   RO          488    i.weakupshow        main.o
    0x080037d8   0x000000ec   Code   RO          223    i.write_1414        hpdl1414.o
    0x080038c4   0x00000010   Data   RO         3076    .constdata          system_stm32f1xx.o
    0x080038d4   0x00000008   Data   RO         3077    .constdata          system_stm32f1xx.o
    0x080038dc   0x00000004   PAD
    0x080038e0   0x00000098   Data   RO         3111    .constdata          m_ws.l(atan.o)
    0x08003978   0x00000020   Data   RO         3213    Region$$Table       anon$$obj.o


    Execution Region RW_IRAM1 (Base: 0x20000000, Size: 0x00000510, Max: 0x00005000, ABSOLUTE)

    Base Addr    Size         Type   Attr      Idx    E Section Name        Object

    0x20000000   0x00000017   Data   RW          141    .data               ds3231.o
    0x20000017   0x00000001   PAD
    0x20000018   0x0000002e   Data   RW          495    .data               main.o
    0x20000046   0x00000018   Data   RW          811    .data               adxl345.o
    0x2000005e   0x00000002   PAD
    0x20000060   0x0000000c   Data   RW         2196    .data               stm32f1xx_hal.o
    0x2000006c   0x00000004   Data   RW         3078    .data               system_stm32f1xx.o
    0x20000070   0x00000004   Data   RW         3133    .data               mc_w.l(rand.o)
    0x20000074   0x00000004   Data   RW         3198    .data               mc_w.l(errno.o)
    0x20000078   0x00000094   Zero   RW          489    .bss                main.o
    0x2000010c   0x00000004   PAD
    0x20000110   0x00000400   Zero   RW            1    STACK               startup_stm32f103xb.o


==============================================================================

Image component sizes


      Code (inc. data)   RO Data    RW Data    ZI Data      Debug   Object Name

       852         26          0         24          0       5326   adxl345.o
        36          0          0          0          0     421550   delay.o
       430         16          0         23          0       5367   ds3231.o
       576         14          0          0          0       1417   hpdl1414.o
      2864        168          0         46        148      13326   main.o
      1796        156          0          0          0      12358   myiic.o
       230         24          0          0          0       2075   si7020.o
        36          8        236          0       1024        792   startup_stm32f103xb.o
       192         28          0         12          0       6800   stm32f1xx_hal.o
       198         14          0          0          0      28775   stm32f1xx_hal_cortex.o
       152          4          0          0          0       1087   stm32f1xx_hal_dma.o
       480         34          0          0          0       3399   stm32f1xx_hal_gpio.o
       244         26          0          0          0       2068   stm32f1xx_hal_msp.o
        32          6          0          0          0        585   stm32f1xx_hal_pwr.o
      1276        100          0          0          0       5276   stm32f1xx_hal_rcc.o
       882         14          0          0          0       9557   stm32f1xx_hal_tim.o
        70          0          0          0          0       2325   stm32f1xx_hal_tim_ex.o
       932         12          0          0          0       7151   stm32f1xx_hal_uart.o
        44         12          0          0          0       4572   stm32f1xx_it.o
        72         16         24          4          0       1139   system_stm32f1xx.o

    ----------------------------------------------------------------------
     11406        678        296        112       1176     534945   Object Totals
         0          0         32          0          0          0   (incl. Generated)
        12          0          4          3          4          0   (incl. Padding)

    ----------------------------------------------------------------------

      Code (inc. data)   RO Data    RW Data    ZI Data      Debug   Library Member Name

       544         70        152          0          0        124   atan.o
        22          6          0          0          0        136   dunder.o
        40          0          0          0          0         68   fpclassify.o
       170          0          0          0          0         96   poly.o
        76          0          0          0          0         84   sqrt.o
         0          0          0          0          0          0   entry.o
         0          0          0          0          0          0   entry10a.o
         0          0          0          0          0          0   entry11a.o
         8          4          0          0          0          0   entry2.o
         4          0          0          0          0          0   entry5.o
         0          0          0          0          0          0   entry7b.o
         0          0          0          0          0          0   entry8b.o
         8          4          0          0          0          0   entry9a.o
        12          6          0          4          0         68   errno.o
        30          0          0          0          0          0   handlers.o
        36          8          0          0          0         68   init.o
         0          0          0          0          0          0   iusefp.o
        30          0          0          0          0         68   llshl.o
        36          0          0          0          0         68   llsshr.o
        32          0          0          0          0         68   llushr.o
        36          0          0          0          0        108   memseta.o
        36         10          0          4          0        136   rand.o
        56          0          0          0          0         88   d2f.o
       334          0          0          0          0        148   dadd.o
       222          0          0          0          0        100   ddiv.o
       186          0          0          0          0        176   depilogue.o
        62          0          0          0          0         80   dfixi.o
        26          0          0          0          0         76   dfltui.o
       228          0          0          0          0         96   dmul.o
        46          0          0          0          0         80   dscalb.o
       162          0          0          0          0        100   dsqrt.o
        38          0          0          0          0         68   f2d.o
       176          0          0          0          0        140   fadd.o
       110          0          0          0          0        168   fepilogue.o
        18          0          0          0          0         68   fflti.o
       100          0          0          0          0         76   fmul.o

    ----------------------------------------------------------------------
      2890        108        152          8          0       2556   Library Totals
         6          0          0          0          0          0   (incl. Padding)

    ----------------------------------------------------------------------

      Code (inc. data)   RO Data    RW Data    ZI Data      Debug   Library Name

       852         76        152          0          0        508   m_ws.l
       268         32          0          8          0        584   mc_w.l
      1764          0          0          0          0       1464   mf_w.l

    ----------------------------------------------------------------------
      2890        108        152          8          0       2556   Library Totals

    ----------------------------------------------------------------------

==============================================================================


      Code (inc. data)   RO Data    RW Data    ZI Data      Debug   

     14296        786        448        120       1176     529749   Grand Totals
     14296        786        448        120       1176     529749   ELF Image Totals
     14296        786        448        120          0          0   ROM Totals

==============================================================================

    Total RO  Size (Code + RO Data)                14744 (  14.40kB)
    Total RW  Size (RW Data + ZI Data)              1296 (   1.27kB)
    Total ROM Size (Code + RO Data + RW Data)      14864 (  14.52kB)

==============================================================================

